 mysqlmanager

 Timestamp is 4f50de9c (Fri Mar 02 15:52:12 2012)

 Preferred load address is 0000000140000000

 Start         Length     Name                   Class
 0001:00000000 000e42b3H .text                   CODE
 0001:000e42c0 00001026H .text$0                 CODE
 0001:000e52f0 000010a0H .text$00                CODE
 0001:000e6390 00001020H .text$yd                CODE
 0002:00000000 00000109H .CRT$XCA                DATA
 0002:00000110 00000109H .CRT$XCZ                DATA
 0002:00000220 00000109H .CRT$XIA                DATA
 0002:00000330 0000011cH .CRT$XIC                DATA
 0002:00000450 00000109H .CRT$XIY                DATA
 0002:00000560 00000109H .CRT$XIZ                DATA
 0002:00000670 00000008H .CRT$XLA                DATA
 0002:00000678 00000008H .CRT$XLZ                DATA
 0002:00000680 00000109H .CRT$XPA                DATA
 0002:00000790 00000109H .CRT$XPX                DATA
 0002:000008a0 00000109H .CRT$XPXA               DATA
 0002:000009b0 00000109H .CRT$XPZ                DATA
 0002:00000ac0 00000109H .CRT$XTA                DATA
 0002:00000bd0 00000109H .CRT$XTZ                DATA
 0002:00000ce0 0001732aH .rdata                  DATA
 0002:00018010 00000130H .rdata$T                DATA
 0002:00018140 000001abH .rdata$debug            DATA
 0002:000182f0 00003b15H .rdata$r                DATA
 0002:0001be08 00000109H .rtc$IAA                DATA
 0002:0001bf18 00000109H .rtc$IZZ                DATA
 0002:0001c028 00000109H .rtc$TAA                DATA
 0002:0001c138 00000109H .rtc$TZZ                DATA
 0002:0001c248 00010ba9H .xdata                  DATA
 0002:0002cdf8 0000019eH .xdata$x                DATA
 0002:0002cf96 00000000H .edata                  DATA
 0003:00000000 00136481H .data                   DATA
 0003:001364a0 00005364H .bss                    DATA
 0004:00000000 0000af80H .pdata                  DATA
 0005:00000000 00000050H .idata$2                DATA
 0005:00000050 00000014H .idata$3                DATA
 0005:00000068 000007e0H .idata$4                DATA
 0005:00000848 000007e0H .idata$5                DATA
 0005:00001028 00000d4eH .idata$6                DATA
 0006:00000000 00000101H .tls                    DATA
 0006:00000110 000001e6H .tls$                   DATA
 0006:000002f6 00000101H .tls$ZZZ                DATA

  Address         Publics by Value              Rva+Base               Lib:Object

 0000:00000000       ___safe_se_handler_table   0000000000000000     <absolute>
 0000:00000000       ___safe_se_handler_count   0000000000000000     <absolute>
 0000:00000000       __ImageBase                0000000140000000     <linker-defined>
 0001:00000b80       ?reserve@Buffer@@QEAAHII@Z 0000000140001b80 f   buffer.obj
 0001:00000c60       ?get_size@Buffer@@QEAAHXZ  0000000140001c60 f   buffer.obj
 0001:00000c70       ?is_error@Buffer@@QEAAHXZ  0000000140001c70 f   buffer.obj
 0001:00000c80       ?append@Buffer@@QEAAHIPEBDI@Z 0000000140001c80 f   buffer.obj
 0001:00000d00       ??0Command@@QEAA@PEAVInstance_map@@@Z 0000000140001d00 f   command.obj
 0001:00000d20       ??1Command@@UEAA@XZ        0000000140001d20 f   command.obj
 0001:00000d30       ??_ECommand@@UEAAPEAXI@Z   0000000140001d30 f i command.obj
 0001:00000d30       ??_GCommand@@UEAAPEAXI@Z   0000000140001d30 f i command.obj
 0001:00000d60       ?strchr@@YAPEADPEADH@Z     0000000140001d60 f i commands.obj
 0001:00000d70       ??0Buffer@@QEAA@_K@Z       0000000140001d70 f i commands.obj
 0001:00000dc0       ??1Buffer@@QEAA@XZ         0000000140001dc0 f i commands.obj
 0001:00000dd0       ??0Iterator@Instance_map@@QEAA@PEAV1@@Z 0000000140001dd0 f i commands.obj
 0001:00000e00       ?execute@Show_instances@@UEAAHPEAUst_net@@K@Z 0000000140001e00 f   commands.obj
 0001:00001020       ?execute@Flush_instances@@UEAAHPEAUst_net@@K@Z 0000000140002020 f   commands.obj
 0001:00001080       ??0Show_instance_status@@QEAA@PEAVInstance_map@@PEBDI@Z 0000000140002080 f   commands.obj
 0001:00001120       ??1Show_instance_status@@UEAA@XZ 0000000140002120 f i commands.obj
 0001:00001130       ?execute@Show_instance_status@@UEAAHPEAUst_net@@K@Z 0000000140002130 f   commands.obj
 0001:000013b0       ??0Show_instance_options@@QEAA@PEAVInstance_map@@PEBDI@Z 00000001400023b0 f   commands.obj
 0001:00001450       ??1Show_instance_options@@UEAA@XZ 0000000140002450 f i commands.obj
 0001:00001460       ?execute@Show_instance_options@@UEAAHPEAUst_net@@K@Z 0000000140002460 f   commands.obj
 0001:000018d0       ??0Start_instance@@QEAA@PEAVInstance_map@@PEBDI@Z 00000001400028d0 f   commands.obj
 0001:00001950       ??1Start_instance@@UEAA@XZ 0000000140002950 f i commands.obj
 0001:00001960       ?execute@Start_instance@@UEAAHPEAUst_net@@K@Z 0000000140002960 f   commands.obj
 0001:00001a00       ??0Show_instance_log@@QEAA@PEAVInstance_map@@PEBDIW4Log_type@@11@Z 0000000140002a00 f   commands.obj
 0001:00001ad0       ??1Show_instance_log@@UEAA@XZ 0000000140002ad0 f i commands.obj
 0001:00001ae0       ?execute@Show_instance_log@@UEAAHPEAUst_net@@K@Z 0000000140002ae0 f   commands.obj
 0001:00001e40       ??0Show_instance_log_files@@QEAA@PEAVInstance_map@@PEBDI@Z 0000000140002e40 f   commands.obj
 0001:00001ee0       ??1Show_instance_log_files@@UEAA@XZ 0000000140002ee0 f i commands.obj
 0001:00001ef0       ?execute@Show_instance_log_files@@UEAAHPEAUst_net@@K@Z 0000000140002ef0 f   commands.obj
 0001:00002280       ??0Set_option@@QEAA@PEAVInstance_map@@PEBDI1I1I@Z 0000000140003280 f   commands.obj
 0001:00002390       ??1Set_option@@UEAA@XZ     0000000140003390 f i commands.obj
 0001:000023a0       ??_ESet_option@@UEAAPEAXI@Z 00000001400033a0 f i commands.obj
 0001:000023a0       ??_GSet_option@@UEAAPEAXI@Z 00000001400033a0 f i commands.obj
 0001:000023e0       ?correct_file@Set_option@@IEAAHH@Z 00000001400033e0 f   commands.obj
 0001:00002430       ?do_command@Set_option@@UEAAHPEAUst_net@@@Z 0000000140003430 f   commands.obj
 0001:00002480       ?execute@Set_option@@UEAAHPEAUst_net@@K@Z 0000000140003480 f   commands.obj
 0001:000024f0       ?do_command@Unset_option@@UEAAHPEAUst_net@@@Z 00000001400034f0 f   commands.obj
 0001:00002500       ??0Stop_instance@@QEAA@PEAVInstance_map@@PEBDI@Z 0000000140003500 f   commands.obj
 0001:00002580       ??1Stop_instance@@UEAA@XZ  0000000140003580 f i commands.obj
 0001:00002590       ?execute@Stop_instance@@UEAAHPEAUst_net@@K@Z 0000000140003590 f   commands.obj
 0001:00002630       ?execute@Syntax_error@@UEAAHPEAUst_net@@K@Z 0000000140003630 f   commands.obj
 0001:00002640       ??_EShow_instance_status@@UEAAPEAXI@Z 0000000140003640 f i commands.obj
 0001:00002640       ??_GShow_instance_status@@UEAAPEAXI@Z 0000000140003640 f i commands.obj
 0001:00002680       ??_EShow_instance_options@@UEAAPEAXI@Z 0000000140003680 f i commands.obj
 0001:00002680       ??_GShow_instance_options@@UEAAPEAXI@Z 0000000140003680 f i commands.obj
 0001:000026c0       ??_EStart_instance@@UEAAPEAXI@Z 00000001400036c0 f i commands.obj
 0001:000026c0       ??_GStart_instance@@UEAAPEAXI@Z 00000001400036c0 f i commands.obj
 0001:00002700       ??_GShow_instance_log@@UEAAPEAXI@Z 0000000140003700 f i commands.obj
 0001:00002700       ??_EShow_instance_log@@UEAAPEAXI@Z 0000000140003700 f i commands.obj
 0001:00002740       ??_GShow_instance_log_files@@UEAAPEAXI@Z 0000000140003740 f i commands.obj
 0001:00002740       ??_EShow_instance_log_files@@UEAAPEAXI@Z 0000000140003740 f i commands.obj
 0001:00002780       ??_GStop_instance@@UEAAPEAXI@Z 0000000140003780 f i commands.obj
 0001:00002780       ??_EStop_instance@@UEAAPEAXI@Z 0000000140003780 f i commands.obj
 0001:000027d0       ??0Guardian_thread_args@@QEAA@AEAVThread_registry@@PEAVInstance_map@@I@Z 00000001400037d0 f i guardian.obj
 0001:000027f0       ??0Guardian_thread@@QEAA@AEAVThread_registry@@PEAVInstance_map@@I@Z 00000001400037f0 f   guardian.obj
 0001:00002890       ??1Guardian_thread@@QEAA@XZ 0000000140003890 f   guardian.obj
 0001:000028f0       ?process_instance@Guardian_thread@@AEAAXPEAVInstance@@PEAUGUARD_NODE@1@PEAPEAUst_list@@PEAU4@@Z 00000001400038f0 f   guardian.obj
 0001:00002b60       ?run@Guardian_thread@@QEAAXXZ 0000000140003b60 f   guardian.obj
 0001:00002d00       ?is_stopped@Guardian_thread@@QEAAHXZ 0000000140003d00 f   guardian.obj
 0001:00002d40       ?guard@Guardian_thread@@QEAAHPEAVInstance@@_N@Z 0000000140003d40 f   guardian.obj
 0001:00002e50       ?stop_guard@Guardian_thread@@QEAAHPEAVInstance@@@Z 0000000140003e50 f   guardian.obj
 0001:00002ee0       ?stop_instances@Guardian_thread@@AEAAHXZ 0000000140003ee0 f   guardian.obj
 0001:00002f90       ?lock@Guardian_thread@@QEAAXXZ 0000000140003f90 f   guardian.obj
 0001:00002fa0       ?unlock@Guardian_thread@@QEAAXXZ 0000000140003fa0 f   guardian.obj
 0001:00002fb0       guardian                   0000000140003fb0 f   guardian.obj
 0001:00002fd0       ?request_shutdown@Guardian_thread@@QEAAXXZ 0000000140003fd0 f   guardian.obj
 0001:00003020       ?init@Guardian_thread@@QEAAHXZ 0000000140004020 f   guardian.obj
 0001:00003100       ??0Instance_options@@QEAA@XZ 0000000140004100 f i instance.obj
 0001:000033f0       ?get_map@Instance@@QEAAPEAVInstance_map@@XZ 00000001400043f0 f   instance.obj
 0001:00003400       ?remove_pid@Instance@@AEAAXXZ 0000000140004400 f   instance.obj
 0001:00003450       ?set_crash_flag_n_wake_all@Instance@@QEAAXXZ 0000000140004450 f   instance.obj
 0001:000034d0       ??0Instance@@QEAA@XZ       00000001400044d0 f   instance.obj
 0001:00003580       ??1Instance@@QEAA@XZ       0000000140004580 f   instance.obj
 0001:000035c0       ?is_crashed@Instance@@QEAAHXZ 00000001400045c0 f   instance.obj
 0001:00003610       ?is_running@Instance@@QEAA_NXZ 0000000140004610 f   instance.obj
 0001:000037b0       ?SafeTerminateProcess@@YAHPEAXI@Z 00000001400047b0 f   instance.obj
 0001:00003950       ?kill@@YAHHH@Z             0000000140004950 f   instance.obj
 0001:000039a0       ?kill_instance@Instance@@QEAAXH@Z 00000001400049a0 f   instance.obj
 0001:00003a10       ?init@Instance@@QEAAHPEBD@Z 0000000140004a10 f   instance.obj
 0001:00003a20       ?complete_initialization@Instance@@QEAAHPEAVInstance_map@@PEBDI@Z 0000000140004a20 f   instance.obj
 0001:00003b40       ?stop@Instance@@QEAAHXZ    0000000140004b40 f   instance.obj
 0001:00003c60       proxy                      0000000140004c60 f   instance.obj
 0001:00003c80       ?start@Instance@@QEAAHXZ   0000000140004c80 f   instance.obj
 0001:00003d90       ??_GInstance@@QEAAPEAXI@Z  0000000140004d90 f i instance_map.obj
 0001:00003dd0       ?process_one_option@Instance_map@@QEAAHPEBD0@Z 0000000140004dd0 f   instance_map.obj
 0001:00003f10       ??0Instance_map@@QEAA@PEBD@Z 0000000140004f10 f   instance_map.obj
 0001:00003f40       ??1Instance_map@@QEAA@XZ   0000000140004f40 f   instance_map.obj
 0001:00003f90       ?lock@Instance_map@@QEAAXXZ 0000000140004f90 f   instance_map.obj
 0001:00003fa0       ?unlock@Instance_map@@QEAAXXZ 0000000140004fa0 f   instance_map.obj
 0001:00003fb0       ?find@Instance_map@@QEAAPEAVInstance@@PEBDI@Z 0000000140004fb0 f   instance_map.obj
 0001:00004030       ?complete_initialization@Instance_map@@AEAAHXZ 0000000140005030 f   instance_map.obj
 0001:00004160       ?go_to_first@Iterator@Instance_map@@QEAAXXZ 0000000140005160 f   instance_map.obj
 0001:00004170       ?next@Iterator@Instance_map@@QEAAPEAVInstance@@XZ 0000000140005170 f   instance_map.obj
 0001:000041e0       ?init@Instance_map@@QEAAHXZ 00000001400051e0 f   instance_map.obj
 0001:00004240       ?load@Instance_map@@AEAAHXZ 0000000140005240 f   instance_map.obj
 0001:00004380       ?flush_instances@Instance_map@@QEAAHXZ 0000000140005380 f   instance_map.obj
 0001:00004450       ?strstr@@YAPEADPEADPEBD@Z  0000000140005450 f i instance_options.obj
 0001:00004530       ?get_default_option@Instance_options@@AEAAHPEAD_KPEBD@Z 0000000140005530 f   instance_options.obj
 0001:000046e0       ?fill_instance_version@Instance_options@@AEAAHXZ 00000001400056e0 f   instance_options.obj
 0001:00004930       ?fill_mysqld_real_path@Instance_options@@AEAAHXZ 0000000140005930 f   instance_options.obj
 0001:00004b70       ?fill_log_options@Instance_options@@AEAAHXZ 0000000140005b70 f   instance_options.obj
 0001:00004fa0       ?get_pid_filename@Instance_options@@QEAAHPEAD@Z 0000000140005fa0 f   instance_options.obj
 0001:000050a0       ?unlink_pidfile@Instance_options@@QEAAHXZ 00000001400060a0 f   instance_options.obj
 0001:000050b0       ?get_pid@Instance_options@@QEAAHXZ 00000001400060b0 f   instance_options.obj
 0001:00005130       ?add_option@Instance_options@@QEAAHPEBD@Z 0000000140006130 f   instance_options.obj
 0001:00005450       ?add_to_argv@Instance_options@@AEAAHPEBD@Z 0000000140006450 f   instance_options.obj
 0001:00005480       ?print_argv@Instance_options@@QEAAXXZ 0000000140006480 f   instance_options.obj
 0001:00005500       ?init@Instance_options@@QEAAHPEBD@Z 0000000140006500 f   instance_options.obj
 0001:000055d0       ??1Instance_options@@QEAA@XZ 00000001400065d0 f   instance_options.obj
 0001:00005610       ?complete_initialization@Instance_options@@QEAAHPEBDI@Z 0000000140006610 f   instance_options.obj
 0001:00005960       ??0Listener_thread_args@@QEAA@AEAVThread_registry@@AEBUOptions@@AEBVUser_map@@AEAVInstance_map@@@Z 0000000140006960 f i listener.obj
 0001:00005980       ?is_shutdown@Thread_registry@@QEAA_NXZ 0000000140006980 f i listener.obj
 0001:00005a10       ??0Listener_thread@@QEAA@AEBUListener_thread_args@@@Z 0000000140006a10 f   listener.obj
 0001:00005a80       ??1Listener_thread@@QEAA@XZ 0000000140006a80 f   listener.obj
 0001:00005a90       ?create_tcp_socket@Listener_thread@@AEAAHXZ 0000000140006a90 f   listener.obj
 0001:00005c90       ?handle_new_mysql_connection@Listener_thread@@AEAAXPEAUst_vio@@@Z 0000000140006c90 f   listener.obj
 0001:00005d90       ?run@Listener_thread@@QEAAXXZ 0000000140006d90 f   listener.obj
 0001:000060a0       listener                   00000001400070a0 f   listener.obj
 0001:00006370       ?log_error@@YAXPEBDZZ      0000000140007370 f   log.obj
 0001:000063c0       ?log_info@@YAXPEBDZZ       00000001400073c0 f   log.obj
 0001:00006410       ?print_info@@YAXPEBDZZ     0000000140007410 f   log.obj
 0001:00006460       ?print_error@@YAXPEBDZZ    0000000140007460 f   log.obj
 0001:000064b0       ?log_init@@YAXXZ           00000001400074b0 f   log.obj
 0001:000064d0       ?die@@YAXPEBDZZ            00000001400074d0 f   log.obj
 0001:00006560       ??0User_map@@QEAA@XZ       0000000140007560 f i manager.obj
 0001:00006570       ?create_pid_file@@YAHPEBDH@Z 0000000140007570 f   manager.obj
 0001:00006630       ?onsignal@@YAXH@Z          0000000140007630 f   manager.obj
 0001:00006640       ?set_signals@@YAXPEAH@Z    0000000140007640 f   manager.obj
 0001:00006680       ?my_sigwait@@YAHPEBHPEAH@Z 0000000140007680 f   manager.obj
 0001:000066c0       ?stop_all@@YAXPEAVGuardian_thread@@PEAVThread_registry@@@Z 00000001400076c0 f   manager.obj
 0001:00006710       ?manager@@YAHAEBUOptions@@@Z 0000000140007710 f   manager.obj
 0001:00006d30       ?message@@YAPEBDI@Z        0000000140007d30 f   messages.obj
 0001:00006d40       ?errno_to_sqlstate@@YAPEBDI@Z 0000000140007d40 f   messages.obj
 0001:00006d60       ??0Mysql_connection_thread_args@@QEAA@PEAUst_vio@@AEAVThread_registry@@AEBVUser_map@@KAEAVInstance_map@@@Z 0000000140007d60 f   mysql_connection.obj
 0001:00006d90       ??0Mysql_connection_thread@@QEAA@AEBUMysql_connection_thread_args@@@Z 0000000140007d90 f   mysql_connection.obj
 0001:00006e10       my_net_local_init          0000000140007e10 f   mysql_connection.obj
 0001:00006e70       slave_io_thread_detach_vio 0000000140007e70 f   mysql_connection.obj
 0001:00006e80       ?init@Mysql_connection_thread@@QEAAHXZ 0000000140007e80 f   mysql_connection.obj
 0001:00006f50       ?cleanup@Mysql_connection_thread@@QEAAXXZ 0000000140007f50 f   mysql_connection.obj
 0001:00006f60       ??1Mysql_connection_thread@@QEAA@XZ 0000000140007f60 f   mysql_connection.obj
 0001:00006f90       ?check_connection@Mysql_connection_thread@@AEAAHXZ 0000000140007f90 f   mysql_connection.obj
 0001:00007230       ?dispatch_command@Mysql_connection_thread@@AEAAHW4enum_server_command@@PEBDI@Z 0000000140008230 f   mysql_connection.obj
 0001:000073c0       ?do_command@Mysql_connection_thread@@AEAAHXZ 00000001400083c0 f   mysql_connection.obj
 0001:000074f0       ?run@Mysql_connection_thread@@QEAAXXZ 00000001400084f0 f   mysql_connection.obj
 0001:000075d0       mysql_connection           00000001400085d0 f   mysql_connection.obj
 0001:00007690       ??0Options@@QEAA@XZ        0000000140008690 f i mysqlmanager.obj
 0001:000076e0       main                       00000001400086e0 f   mysqlmanager.obj
 0001:00007780       ?strrchr@@YAPEADPEADH@Z    0000000140008780 f i options.obj
 0001:00007ac0       ?cleanup@Options@@QEAAXXZ  0000000140008ac0 f   options.obj
 0001:00007ae0       ?setup_windows_defaults@Options@@QEAAHXZ 0000000140008ae0 f   options.obj
 0001:00007be0       ?load@Options@@QEAAHHPEAPEAD@Z 0000000140008be0 f   options.obj
 0001:00007d20       ?get_word@@YAXPEAPEBDPEAIH@Z 0000000140008d20 f i parse.obj
 0001:00007e00       ??0Show_instances@@QEAA@PEAVInstance_map@@@Z 0000000140008e00 f i parse.obj
 0001:00007e30       ??1Show_instances@@UEAA@XZ 0000000140008e30 f i parse.obj
 0001:00007e40       ??0Flush_instances@@QEAA@PEAVInstance_map@@@Z 0000000140008e40 f i parse.obj
 0001:00007e70       ??1Flush_instances@@UEAA@XZ 0000000140008e70 f i parse.obj
 0001:00007e80       ??0Syntax_error@@QEAA@XZ   0000000140008e80 f i parse.obj
 0001:00007eb0       ??1Syntax_error@@UEAA@XZ   0000000140008eb0 f i parse.obj
 0001:00007ec0       ?find_token@@YA?AW4Token@@PEBDI@Z 0000000140008ec0 f i parse.obj
 0001:00007f70       ?get_token@@YA?AW4Token@@PEAPEBDPEAI@Z 0000000140008f70 f   parse.obj
 0001:000080b0       ?shift_token@@YA?AW4Token@@PEAPEBDPEAI@Z 00000001400090b0 f   parse.obj
 0001:000080e0       ?get_text_id@@YAHPEAPEBDPEAI0@Z 00000001400090e0 f   parse.obj
 0001:000081a0       ??_EShow_instances@@UEAAPEAXI@Z 00000001400091a0 f i parse.obj
 0001:000081a0       ??_GShow_instances@@UEAAPEAXI@Z 00000001400091a0 f i parse.obj
 0001:000081e0       ??_EFlush_instances@@UEAAPEAXI@Z 00000001400091e0 f i parse.obj
 0001:000081e0       ??_GFlush_instances@@UEAAPEAXI@Z 00000001400091e0 f i parse.obj
 0001:00008220       ??_ESyntax_error@@UEAAPEAXI@Z 0000000140009220 f i parse.obj
 0001:00008220       ??_GSyntax_error@@UEAAPEAXI@Z 0000000140009220 f i parse.obj
 0001:00008260       ??0Unset_option@@QEAA@PEAVInstance_map@@PEBDI1I1I@Z 0000000140009260 f i parse.obj
 0001:000082c0       ??1Unset_option@@UEAA@XZ   00000001400092c0 f i parse.obj
 0001:000082d0       ??_EUnset_option@@UEAAPEAXI@Z 00000001400092d0 f i parse.obj
 0001:000082d0       ??_GUnset_option@@UEAAPEAXI@Z 00000001400092d0 f i parse.obj
 0001:00008310       ?parse_command@@YAPEAVCommand@@PEAVInstance_map@@PEBD@Z 0000000140009310 f   parse.obj
 0001:00008f90       ?trim_space@@YAXPEAPEBDPEAI@Z 0000000140009f90 f   parse_output.obj
 0001:00009010       ?parse_output_and_get_value@@YAHPEBD0PEAD_KI@Z 000000014000a010 f   parse_output.obj
 0001:00009190       ?set_stacksize_n_create_thread@@YAHPEAPEAXPEAUthread_attr@@P6APEAXPEAX@Z2@Z 000000014000a190 f   priv.obj
 0001:000091a0       ?net_send_error@@YAHPEAUst_net@@I@Z 000000014000a1a0 f   protocol.obj
 0001:000092a0       ?net_send_error_323@@YAHPEAUst_net@@I@Z 000000014000a2a0 f   protocol.obj
 0001:00009370       ?net_store_length@@YAPEADPEADI@Z 000000014000a370 f   protocol.obj
 0001:000093a0       ?store_to_protocol_packet@@YAHPEAVBuffer@@PEBDPEAII@Z 000000014000a3a0 f   protocol.obj
 0001:00009450       ?store_to_protocol_packet@@YAHPEAVBuffer@@PEBDPEAI@Z 000000014000a450 f   protocol.obj
 0001:00009490       ?send_eof@@YAHPEAUst_net@@@Z 000000014000a490 f   protocol.obj
 0001:000094f0       ?send_fields@@YAHPEAUst_net@@PEAUst_list@@@Z 000000014000a4f0 f   protocol.obj
 0001:00009770       ?net_send_ok@@YAHPEAUst_net@@KPEBD@Z 000000014000a770 f   protocol.obj
 0001:000098d0       ??0Thread_info@@QEAA@XZ    000000014000a8d0 f   thread_registry.obj
 0001:000098e0       ??0Thread_info@@QEAA@PEAX@Z 000000014000a8e0 f   thread_registry.obj
 0001:000098f0       ??0Thread_registry@@QEAA@XZ 000000014000a8f0 f   thread_registry.obj
 0001:00009950       ??1Thread_registry@@QEAA@XZ 000000014000a950 f   thread_registry.obj
 0001:000099a0       ?register_thread@Thread_registry@@QEAAXPEAVThread_info@@@Z 000000014000a9a0 f   thread_registry.obj
 0001:00009a10       ?unregister_thread@Thread_registry@@QEAAXPEAVThread_info@@@Z 000000014000aa10 f   thread_registry.obj
 0001:00009a90       ?cond_wait@Thread_registry@@QEAAHPEAVThread_info@@PEAUpthread_cond_t@@PEAU_RTL_CRITICAL_SECTION@@@Z 000000014000aa90 f   thread_registry.obj
 0001:00009b50       ?cond_timedwait@Thread_registry@@QEAAHPEAVThread_info@@PEAUpthread_cond_t@@PEAU_RTL_CRITICAL_SECTION@@PEAUtimespec@@@Z 000000014000ab50 f   thread_registry.obj
 0001:00009c20       ?deliver_shutdown@Thread_registry@@QEAAXXZ 000000014000ac20 f   thread_registry.obj
 0001:00009d60       ?request_shutdown@Thread_registry@@QEAAXXZ 000000014000ad60 f   thread_registry.obj
 0001:00009d80       ?get_error_status@Thread_registry@@QEAAHXZ 000000014000ad80 f   thread_registry.obj
 0001:00009dd0       ?set_error_status@Thread_registry@@QEAAXXZ 000000014000add0 f   thread_registry.obj
 0001:00009e10       ??0User@@QEAA@XZ           000000014000ae10 f i user_map.obj
 0001:00009e20       ?init@User@@QEAAHPEBD@Z    000000014000ae20 f   user_map.obj
 0001:00009fa0       ?init@User_map@@QEAAHXZ    000000014000afa0 f   user_map.obj
 0001:0000a000       ??1User_map@@QEAA@XZ       000000014000b000 f   user_map.obj
 0001:0000a010       ?load@User_map@@QEAAHPEBD@Z 000000014000b010 f   user_map.obj
 0001:0000a1a0       ?authenticate@User_map@@QEBAHPEBDI00@Z 000000014000b1a0 f   user_map.obj
 0001:0000a1f0       ??0IMService@@QEAA@XZ      000000014000b1f0 f   IMService.obj
 0001:0000a250       ?Shutdown@WindowsService@@MEAAXXZ 000000014000b250 f i IMService.obj
 0001:0000a260       ?Pause@WindowsService@@MEAAXXZ 000000014000b260 f i IMService.obj
 0001:0000a270       ?Continue@WindowsService@@MEAAXXZ 000000014000b270 f i IMService.obj
 0001:0000a280       ??1IMService@@QEAA@XZ      000000014000b280 f   IMService.obj
 0001:0000a2a0       ?Stop@IMService@@MEAAXXZ   000000014000b2a0 f   IMService.obj
 0001:0000a2d0       ?Run@IMService@@MEAAXKPEAPEAD@Z 000000014000b2d0 f   IMService.obj
 0001:0000a360       ?Log@IMService@@MEAAXPEBD@Z 000000014000b360 f   IMService.obj
 0001:0000a370       ?HandleServiceOptions@@YAHUOptions@@@Z 000000014000b370 f   IMService.obj
 0001:0000a480       ??0WindowsService@@QEAA@XZ 000000014000b480 f   WindowsService.obj
 0001:0000a4d0       ?Stop@WindowsService@@MEAAXXZ 000000014000b4d0 f i WindowsService.obj
 0001:0000a4e0       ?Log@WindowsService@@MEAAXPEBD@Z 000000014000b4e0 f i WindowsService.obj
 0001:0000a4f0       ??1WindowsService@@QEAA@XZ 000000014000b4f0 f   WindowsService.obj
 0001:0000a500       ?IsInstalled@WindowsService@@QEAAHXZ 000000014000b500 f   WindowsService.obj
 0001:0000a570       ?SetAcceptedControls@WindowsService@@QEAAXK@Z 000000014000b570 f   WindowsService.obj
 0001:0000a580       ?ReportStatus@WindowsService@@IEAAHKKK@Z 000000014000b580 f   WindowsService.obj
 0001:0000a650       ?HandleControlCode@WindowsService@@IEAAXK@Z 000000014000b650 f   WindowsService.obj
 0001:0000a6e0       ?ControlHandler@WindowsService@@SAXK@Z 000000014000b6e0 f   WindowsService.obj
 0001:0000a700       ?Install@WindowsService@@QEAAHXZ 000000014000b700 f   WindowsService.obj
 0001:0000a850       ?Remove@WindowsService@@QEAAHXZ 000000014000b850 f   WindowsService.obj
 0001:0000a930       ?RegisterAndRun@WindowsService@@IEAAXKPEAPEAD@Z 000000014000b930 f   WindowsService.obj
 0001:0000a9d0       ?ServiceMain@WindowsService@@SAXKPEAPEAD@Z 000000014000b9d0 f   WindowsService.obj
 0001:0000a9f0       ?Init@WindowsService@@QEAAHXZ 000000014000b9f0 f   WindowsService.obj
 0001:0000aa50       my_net_init                000000014000ba50 f   net_serv.obj
 0001:0000ab50       net_end                    000000014000bb50 f   net_serv.obj
 0001:0000ab80       net_realloc                000000014000bb80 f   net_serv.obj
 0001:0000ad00       net_clear                  000000014000bd00 f   net_serv.obj
 0001:0000ad80       net_real_write             000000014000bd80 f   net_serv.obj
 0001:0000b290       my_net_read                000000014000c290 f   net_serv.obj
 0001:0000b520       my_net_set_read_timeout    000000014000c520 f   net_serv.obj
 0001:0000b550       my_net_set_write_timeout   000000014000c550 f   net_serv.obj
 0001:0000b580       net_flush                  000000014000c580 f   net_serv.obj
 0001:0000b730       my_net_write               000000014000c730 f   net_serv.obj
 0001:0000b890       net_write_command          000000014000c890 f   net_serv.obj
 0001:0000ba60       net_field_length           000000014000ca60 f   pack.obj
 0001:0000bad0       net_field_length_ll        000000014000cad0 f   pack.obj
 0001:0000bb50       net_store_length           000000014000cb50 f   pack.obj
 0001:0000bbc0       randominit                 000000014000cbc0 f   password.obj
 0001:0000bc40       my_rnd                     000000014000cc40 f   password.obj
 0001:0000bc80       hash_password              000000014000cc80 f   password.obj
 0001:0000bd30       my_make_scrambled_password_323 000000014000cd30 f   password.obj
 0001:0000bd70       make_scrambled_password_323 000000014000cd70 f   password.obj
 0001:0000bdb0       scramble_323               000000014000cdb0 f   password.obj
 0001:0000bf50       check_scramble_323         000000014000cf50 f   password.obj
 0001:0000c100       get_salt_from_password_323 000000014000d100 f   password.obj
 0001:0000c1a0       make_password_from_salt_323 000000014000d1a0 f   password.obj
 0001:0000c1c0       create_random_string       000000014000d1c0 f   password.obj
 0001:0000c250       octet2hex                  000000014000d250 f   password.obj
 0001:0000c3a0       my_make_scrambled_password 000000014000d3a0 f   password.obj
 0001:0000c480       make_scrambled_password    000000014000d480 f   password.obj
 0001:0000c4c0       scramble                   000000014000d4c0 f   password.obj
 0001:0000c620       check_scramble             000000014000d620 f   password.obj
 0001:0000c750       get_salt_from_password     000000014000d750 f   password.obj
 0001:0000c770       make_password_from_salt    000000014000d770 f   password.obj
 0001:0000c790       mysql_errno_to_sqlstate    000000014000d790 f   sql_state.obj
 0001:0000c7f0       my_connect                 000000014000d7f0 f   client.obj
 0001:0000c800       create_named_pipe          000000014000d800 f   client.obj
 0001:0000ca60       free_rows                  000000014000da60 f   client.obj
 0001:0000caa0       free_old_query             000000014000daa0 f   client.obj
 0001:0000cb10       set_mysql_error            000000014000db10 f   client.obj
 0001:0000cc70       end_server                 000000014000dc70 f   client.obj
 0001:0000cce0       mysql_free_result          000000014000dce0 f   client.obj
 0001:0000ce70       mysql_read_default_options 000000014000de70 f   client.obj
 0001:0000d4b0       unpack_fields              000000014000e4b0 f   client.obj
 0001:0000d9a0       mysql_init                 000000014000e9a0 f   client.obj
 0001:0000da90       mysql_ssl_set              000000014000ea90 f   client.obj
 0001:0000dc80       mysql_get_ssl_cipher       000000014000ec80 f   client.obj
 0001:0000dde0       mysql_init_character_set   000000014000ede0 f   client.obj
 0001:0000e100       mysql_select_db            000000014000f100 f   client.obj
 0001:0000e380       mysql_detach_stmt_list     000000014000f380 f   client.obj
 0001:0000e390       mysql_close                000000014000f390 f   client.obj
 0001:0000e4a0       mysql_send_query           000000014000f4a0 f   client.obj
 0001:0000e4f0       mysql_real_query           000000014000f4f0 f   client.obj
 0001:0000e530       mysql_store_result         000000014000f530 f   client.obj
 0001:0000e8a0       mysql_fetch_lengths        000000014000f8a0 f   client.obj
 0001:0000e8f0       mysql_options              000000014000f8f0 f   client.obj
 0001:0000ec90       mysql_num_rows             000000014000fc90 f   client.obj
 0001:0000eca0       mysql_num_fields           000000014000fca0 f   client.obj
 0001:0000ecb0       mysql_errno                000000014000fcb0 f   client.obj
 0001:0000ecd0       mysql_error                000000014000fcd0 f   client.obj
 0001:0000ecf0       mysql_get_server_version   000000014000fcf0 f   client.obj
 0001:0000ed80       mysql_set_character_set    000000014000fd80 f   client.obj
 0001:0000ef50       cli_safe_read              000000014000ff50 f   client.obj
 0001:0000f130       cli_read_rows              0000000140010130 f   client.obj
 0001:0000f630       mysql_real_connect         0000000140010630 f   client.obj
 0001:00010870       mysql_reconnect            0000000140011870 f   client.obj
 0001:00010e10       mysql_fetch_row            0000000140011e10 f   client.obj
 0001:00010f20       cli_advanced_command       0000000140011f20 f   client.obj
 0001:000111d0       get_tty_password           00000001400121d0 f   get_password.obj
 0001:00011320       init_client_errs           0000000140012320 f   errmsg.obj
 0001:00011340       finish_client_errs         0000000140012340 f   errmsg.obj
 0001:00011350       InitializeCriticalSection  0000000140012350 f   kernel32:KERNEL32.dll
 0001:00011356       DeleteCriticalSection      0000000140012356 f   kernel32:KERNEL32.dll
 0001:0001135c       LeaveCriticalSection       000000014001235c f   kernel32:KERNEL32.dll
 0001:00011362       EnterCriticalSection       0000000140012362 f   kernel32:KERNEL32.dll
 0001:00011368       GetSystemTimeAsFileTime    0000000140012368 f   kernel32:KERNEL32.dll
 0001:0001136e       CloseHandle                000000014001236e f   kernel32:KERNEL32.dll
 0001:00011374       GetExitCodeProcess         0000000140012374 f   kernel32:KERNEL32.dll
 0001:0001137a       WaitForSingleObject        000000014001237a f   kernel32:KERNEL32.dll
 0001:00011380       CreateProcessA             0000000140012380 f   kernel32:KERNEL32.dll
 0001:00011386       SetLastError               0000000140012386 f   kernel32:KERNEL32.dll
 0001:0001138c       GetLastError               000000014001238c f   kernel32:KERNEL32.dll
 0001:00011392       CreateRemoteThread         0000000140012392 f   kernel32:KERNEL32.dll
 0001:00011398       GetProcAddress             0000000140012398 f   kernel32:KERNEL32.dll
 0001:0001139e       DuplicateHandle            000000014001239e f   kernel32:KERNEL32.dll
 0001:000113a4       GetCurrentProcess          00000001400123a4 f   kernel32:KERNEL32.dll
 0001:000113aa       GetModuleHandleA           00000001400123aa f   kernel32:KERNEL32.dll
 0001:000113b0       TerminateProcess           00000001400123b0 f   kernel32:KERNEL32.dll
 0001:000113b6       OpenProcess                00000001400123b6 f   kernel32:KERNEL32.dll
 0001:000113bc       Sleep                      00000001400123bc f   kernel32:KERNEL32.dll
 0001:000113c2       GetCurrentThreadId         00000001400123c2 f   kernel32:KERNEL32.dll
 0001:000113c8       GetModuleFileNameA         00000001400123c8 f   kernel32:KERNEL32.dll
 0001:000113ce       SetNamedPipeHandleState    00000001400123ce f   kernel32:KERNEL32.dll
 0001:000113d4       WaitNamedPipeA             00000001400123d4 f   kernel32:KERNEL32.dll
 0001:000113da       CreateFileA                00000001400123da f   kernel32:KERNEL32.dll
 0001:000113e0       CloseServiceHandle         00000001400123e0 f   advapi32:ADVAPI32.dll
 0001:000113e6       OpenServiceA               00000001400123e6 f   advapi32:ADVAPI32.dll
 0001:000113ec       OpenSCManagerA             00000001400123ec f   advapi32:ADVAPI32.dll
 0001:000113f2       SetServiceStatus           00000001400123f2 f   advapi32:ADVAPI32.dll
 0001:000113f8       CreateServiceA             00000001400123f8 f   advapi32:ADVAPI32.dll
 0001:000113fe       DeleteService              00000001400123fe f   advapi32:ADVAPI32.dll
 0001:00011404       RegisterServiceCtrlHandlerA 0000000140012404 f   advapi32:ADVAPI32.dll
 0001:0001140a       StartServiceCtrlDispatcherA 000000014001240a f   advapi32:ADVAPI32.dll
 0001:00011410       my_realloc                 0000000140012410 f   mysys:my_realloc.obj
 0001:000114c0       my_malloc                  00000001400124c0 f   mysys:my_malloc.obj
 0001:00011580       my_no_flags_free           0000000140012580 f   mysys:my_malloc.obj
 0001:000115a0       my_memdup                  00000001400125a0 f   mysys:my_malloc.obj
 0001:000115f0       my_strdup                  00000001400125f0 f   mysys:my_malloc.obj
 0001:00011650       my_strdup_with_length      0000000140012650 f   mysys:my_malloc.obj
 0001:000116a0       list_add                   00000001400126a0 f   mysys:list.obj
 0001:000116e0       list_delete                00000001400126e0 f   mysys:list.obj
 0001:00011710       list_free                  0000000140012710 f   mysys:list.obj
 0001:00011770       list_cons                  0000000140012770 f   mysys:list.obj
 0001:000117c0       list_reverse               00000001400127c0 f   mysys:list.obj
 0001:000117f0       list_length                00000001400127f0 f   mysys:list.obj
 0001:00011810       list_walk                  0000000140012810 f   mysys:list.obj
 0001:00011860       init_dynamic_array         0000000140012860 f   mysys:array.obj
 0001:000118e0       alloc_dynamic              00000001400128e0 f   mysys:array.obj
 0001:00011940       pop_dynamic                0000000140012940 f   mysys:array.obj
 0001:00011960       set_dynamic                0000000140012960 f   mysys:array.obj
 0001:00011a20       get_dynamic                0000000140012a20 f   mysys:array.obj
 0001:00011a60       delete_dynamic             0000000140012a60 f   mysys:array.obj
 0001:00011a90       delete_dynamic_element     0000000140012a90 f   mysys:array.obj
 0001:00011ac0       freeze_size                0000000140012ac0 f   mysys:array.obj
 0001:00011b10       insert_dynamic             0000000140012b10 f   mysys:array.obj
 0001:00011b70       my_read                    0000000140012b70 f   mysys:my_read.obj
 0001:00011cd0       my_seek                    0000000140012cd0 f   mysys:my_seek.obj
 0001:00011d80       my_tell                    0000000140012d80 f   mysys:my_seek.obj
 0001:00011de0       my_dirend                  0000000140012de0 f   mysys:my_lib.obj
 0001:00011e50       my_dir                     0000000140012e50 f   mysys:my_lib.obj
 0001:00012120       my_fstat                   0000000140013120 f   mysys:my_lib.obj
 0001:00012130       my_stat                    0000000140013130 f   mysys:my_lib.obj
 0001:000121f0       my_close                   00000001400131f0 f   mysys:my_open.obj
 0001:000122e0       my_register_filename       00000001400132e0 f   mysys:my_open.obj
 0001:00012430       my_sopen                   0000000140013430 f   mysys:my_open.obj
 0001:000126b0       my_open                    00000001400136b0 f   mysys:my_open.obj
 0001:00012780       modify_defaults_file       0000000140013780 f   mysys:default_modify.obj
 0001:00012c10       init_alloc_root            0000000140013c10 f   mysys:my_alloc.obj
 0001:00012c90       reset_root_defaults        0000000140013c90 f   mysys:my_alloc.obj
 0001:00012d60       alloc_root                 0000000140013d60 f   mysys:my_alloc.obj
 0001:00012e70       multi_alloc_root           0000000140013e70 f   mysys:my_alloc.obj
 0001:00012f60       free_root                  0000000140013f60 f   mysys:my_alloc.obj
 0001:00013070       set_prealloc_root          0000000140014070 f   mysys:my_alloc.obj
 0001:000130c0       strmake_root               00000001400140c0 f   mysys:my_alloc.obj
 0001:00013110       memdup_root                0000000140014110 f   mysys:my_alloc.obj
 0001:00013160       strdup_root                0000000140014160 f   mysys:my_alloc.obj
 0001:000131a0       pthread_cond_init          00000001400141a0 f   mysys:my_wincond.obj
 0001:00013220       pthread_cond_destroy       0000000140014220 f   mysys:my_wincond.obj
 0001:00013270       pthread_cond_timedwait     0000000140014270 f   mysys:my_wincond.obj
 0001:00013380       pthread_cond_signal        0000000140014380 f   mysys:my_wincond.obj
 0001:000133c0       pthread_cond_broadcast     00000001400143c0 f   mysys:my_wincond.obj
 0001:00013410       pthread_attr_init          0000000140014410 f   mysys:my_wincond.obj
 0001:00013420       pthread_attr_setstacksize  0000000140014420 f   mysys:my_wincond.obj
 0001:00013430       pthread_attr_setprio       0000000140014430 f   mysys:my_wincond.obj
 0001:00013440       pthread_attr_destroy       0000000140014440 f   mysys:my_wincond.obj
 0001:00013450       localtime_r                0000000140014450 f   mysys:my_wincond.obj
 0001:00013500       pthread_cond_wait          0000000140014500 f   mysys:my_wincond.obj
 0001:00013510       my_thread_global_end       0000000140014510 f   mysys:my_thr_init.obj
 0001:00013660       my_thread_init             0000000140014660 f   mysys:my_thr_init.obj
 0001:00013700       my_thread_end              0000000140014700 f   mysys:my_thr_init.obj
 0001:00013780       _my_thread_var             0000000140014780 f   mysys:my_thr_init.obj
 0001:000137a0       my_thread_id               00000001400147a0 f   mysys:my_thr_init.obj
 0001:000137c0       my_thread_name             00000001400147c0 f   mysys:my_thr_init.obj
 0001:000137e0       my_thread_global_init      00000001400147e0 f   mysys:my_thr_init.obj
 0001:000138f0       win_pthread_init           00000001400148f0 f   mysys:my_winthread.obj
 0001:00013900       win_pthread_mutex_trylock  0000000140014900 f   mysys:my_winthread.obj
 0001:00013940       pthread_exit               0000000140014940 f   mysys:my_winthread.obj
 0001:00013950       win_pthread_setspecific    0000000140014950 f   mysys:my_winthread.obj
 0001:00013970       pthread_start              0000000140014970 f   mysys:my_winthread.obj
 0001:000139e0       pthread_create             00000001400149e0 f   mysys:my_winthread.obj
 0001:00013ac0       gmtime_r                   0000000140014ac0 f   mysys:my_pthread.obj
 0001:00013b40       pthread_no_free            0000000140014b40 f   mysys:my_pthread.obj
 0001:00013b50       pthread_dummy              0000000140014b50 f   mysys:my_pthread.obj
 0001:00013ba0       _hash_init                 0000000140014ba0 f   mysys:hash.obj
 0001:00013c70       hash_free                  0000000140014c70 f   mysys:hash.obj
 0001:00013ce0       my_hash_reset              0000000140014ce0 f   mysys:hash.obj
 0001:00013f30       my_hash_insert             0000000140014f30 f   mysys:hash.obj
 0001:00014210       hash_delete                0000000140015210 f   mysys:hash.obj
 0001:00014520       hash_update                0000000140015520 f   mysys:hash.obj
 0001:00014710       hash_element               0000000140015710 f   mysys:hash.obj
 0001:00014730       hash_replace               0000000140015730 f   mysys:hash.obj
 0001:00014750       hash_first                 0000000140015750 f   mysys:hash.obj
 0001:00014830       hash_next                  0000000140015830 f   mysys:hash.obj
 0001:000148e0       hash_search                00000001400158e0 f   mysys:hash.obj
 0001:00014900       my_charset_same            0000000140015900 f   mysys:charset.obj
 0001:000150e0       get_charsets_dir           00000001400160e0 f   mysys:charset.obj
 0001:000151a0       add_compiled_collation     00000001400161a0 f   mysys:charset.obj
 0001:000152f0       free_charsets              00000001400162f0 f   mysys:charset.obj
 0001:00015300       get_collation_number       0000000140016300 f   mysys:charset.obj
 0001:00015320       get_charset_number         0000000140016320 f   mysys:charset.obj
 0001:000153b0       get_charset_name           00000001400163b0 f   mysys:charset.obj
 0001:00015500       get_charset                0000000140016500 f   mysys:charset.obj
 0001:000155e0       get_charset_by_name        00000001400165e0 f   mysys:charset.obj
 0001:00015690       get_charset_by_csname      0000000140016690 f   mysys:charset.obj
 0001:00015740       escape_string_for_mysql    0000000140016740 f   mysys:charset.obj
 0001:00015950       fs_character_set           0000000140016950 f   mysys:charset.obj
 0001:00015a20       escape_quotes_for_mysql    0000000140016a20 f   mysys:charset.obj
 0001:00015b40       get_compatible_charset_with_ctype 0000000140016b40 f   mysys:charset.obj
 0001:00015c70       get_defaults_options       0000000140016c70 f   mysys:default.obj
 0001:00015d70       free_defaults              0000000140016d70 f   mysys:default.obj
 0001:00016990       my_print_default_files     0000000140017990 f   mysys:default.obj
 0001:00016b50       print_defaults             0000000140017b50 f   mysys:default.obj
 0001:00016cd0       my_search_option_files     0000000140017cd0 f   mysys:default.obj
 0001:00017010       load_defaults              0000000140018010 f   mysys:default.obj
 0001:00017390       strlength                  0000000140018390 f   mysys:mf_format.obj
 0001:000173f0       fn_format                  00000001400183f0 f   mysys:mf_format.obj
 0001:00017630       my_load_path               0000000140018630 f   mysys:mf_loadpath.obj
 0001:00017770       my_fclose                  0000000140018770 f   mysys:my_fopen.obj
 0001:000178c0       my_fopen                   00000001400188c0 f   mysys:my_fopen.obj
 0001:00017a40       my_fdopen                  0000000140018a40 f   mysys:my_fopen.obj
 0001:00017b40       dirname_length             0000000140018b40 f   mysys:mf_dirname.obj
 0001:00017ba0       convert_dirname            0000000140018ba0 f   mysys:mf_dirname.obj
 0001:00017cb0       dirname_part               0000000140018cb0 f   mysys:mf_dirname.obj
 0001:00017d00       my_delete                  0000000140018d00 f   mysys:my_delete.obj
 0001:00017d80       nt_share_delete            0000000140018d80 f   mysys:my_delete.obj
 0001:00017ee0       my_end                     0000000140018ee0 f   mysys:my_init.obj
 0001:00017f90       setEnvString               0000000140018f90 f   mysys:my_init.obj
 0001:00017fc0       my_parameter_handler       0000000140018fc0 f   mysys:my_init.obj
 0001:00018290       my_init                    0000000140019290 f   mysys:my_init.obj
 0001:00018400       my_getopt_register_get_addr 0000000140019400 f   mysys:my_getopt.obj
 0001:000184a0       getopt_compare_strings     00000001400194a0 f   mysys:my_getopt.obj
 0001:000186d0       getopt_ull_limit_value     00000001400196d0 f   mysys:my_getopt.obj
 0001:00018940       my_print_help              0000000140019940 f   mysys:my_getopt.obj
 0001:00018be0       my_print_variables         0000000140019be0 f   mysys:my_getopt.obj
 0001:000190b0       handle_options             000000014001a0b0 f   mysys:my_getopt.obj
 0001:00019b10       my_compress_alloc          000000014001ab10 f   mysys:my_compress.obj
 0001:00019bb0       my_uncompress              000000014001abb0 f   mysys:my_compress.obj
 0001:00019c40       my_compress                000000014001ac40 f   mysys:my_compress.obj
 0001:00019cb0       mysql_sha1_reset           000000014001acb0 f   mysys:sha1.obj
 0001:0001a350       mysql_sha1_result          000000014001b350 f   mysys:sha1.obj
 0001:0001a3f0       mysql_sha1_input           000000014001b3f0 f   mysys:sha1.obj
 0001:0001a460       find_type                  000000014001b460 f   mysys:typelib.obj
 0001:0001a5d0       get_type                   000000014001b5d0 f   mysys:typelib.obj
 0001:0001a5f0       copy_typelib               000000014001b5f0 f   mysys:typelib.obj
 0001:0001a730       make_type                  000000014001b730 f   mysys:typelib.obj
 0001:0001a760       my_error                   000000014001b760 f   mysys:my_error.obj
 0001:0001a830       my_printf_error            000000014001b830 f   mysys:my_error.obj
 0001:0001a8a0       my_message                 000000014001b8a0 f   mysys:my_error.obj
 0001:0001a8b0       my_error_register          000000014001b8b0 f   mysys:my_error.obj
 0001:0001a960       my_error_unregister        000000014001b960 f   mysys:my_error.obj
 0001:0001a9c0       my_multi_malloc            000000014001b9c0 f   mysys:mulalloc.obj
 0001:0001aa70       my_inet_ntoa               000000014001ba70 f   mysys:my_net.obj
 0001:0001aac0       my_gethostbyname_r         000000014001bac0 f   mysys:my_net.obj
 0001:0001ab00       my_gethostbyname_r_free    000000014001bb00 f   mysys:my_net.obj
 0001:0001ab10       thr_alarm_kill             000000014001bb10 f   mysys:thr_alarm.obj
 0001:0001ab20       process_alarm              000000014001bb20 f   mysys:thr_alarm.obj
 0001:0001ab30       thr_alarm                  000000014001bb30 f   mysys:thr_alarm.obj
 0001:0001ab80       thr_got_alarm              000000014001bb80 f   mysys:thr_alarm.obj
 0001:0001abf0       thr_end_alarm              000000014001bbf0 f   mysys:thr_alarm.obj
 0001:0001ac20       end_thr_alarm              000000014001bc20 f   mysys:thr_alarm.obj
 0001:0001ac30       init_thr_alarm             000000014001bc30 f   mysys:thr_alarm.obj
 0001:0001ac40       thr_alarm_info             000000014001bc40 f   mysys:thr_alarm.obj
 0001:0001ac50       resize_thr_alarm           000000014001bc50 f   mysys:thr_alarm.obj
 0001:0001ac60       my_filename                000000014001bc60 f   mysys:my_div.obj
 0001:0001aca0       my_qsort                   000000014001bca0 f   mysys:mf_qsort.obj
 0001:0001b500       my_access                  000000014001c500 f   mysys:my_access.obj
 0001:0001b550       check_if_legal_filename    000000014001c550 f   mysys:my_access.obj
 0001:0001b600       my_fread                   000000014001c600 f   mysys:my_fstream.obj
 0001:0001b700       my_fseek                   000000014001c700 f   mysys:my_fstream.obj
 0001:0001b730       my_ftell                   000000014001c730 f   mysys:my_fstream.obj
 0001:0001b740       my_fwrite                  000000014001c740 f   mysys:my_fstream.obj
 0001:0001b860       my_chsize                  000000014001c860 f   mysys:my_chsize.obj
 0001:0001b9d0       my_once_alloc              000000014001c9d0 f   mysys:my_once.obj
 0001:0001bab0       my_once_strdup             000000014001cab0 f   mysys:my_once.obj
 0001:0001bb00       my_once_memdup             000000014001cb00 f   mysys:my_once.obj
 0001:0001bb50       my_once_free               000000014001cb50 f   mysys:my_once.obj
 0001:0001bb90       my_getwd                   000000014001cb90 f   mysys:my_getwd.obj
 0001:0001bc50       test_if_hard_path          000000014001cc50 f   mysys:my_getwd.obj
 0001:0001bcc0       has_path                   000000014001ccc0 f   mysys:my_getwd.obj
 0001:0001bd10       my_setwd                   000000014001cd10 f   mysys:my_getwd.obj
 0001:0001bde0       init_compiled_charsets     000000014001cde0 f   mysys:charset-def.obj
 0001:0001c130       array_append_string_unique 000000014001d130 f   mysys:mf_arr_appstr.obj
 0001:0001c1c0       cleanup_dirname            000000014001d1c0 f   mysys:mf_pack.obj
 0001:0001c4d0       symdirget                  000000014001d4d0 f   mysys:mf_pack.obj
 0001:0001c650       system_filename            000000014001d650 f   mysys:mf_pack.obj
 0001:0001c670       intern_filename            000000014001d670 f   mysys:mf_pack.obj
 0001:0001c710       pack_dirname               000000014001d710 f   mysys:mf_pack.obj
 0001:0001c920       normalize_dirname          000000014001d920 f   mysys:mf_pack.obj
 0001:0001c9d0       unpack_dirname             000000014001d9d0 f   mysys:mf_pack.obj
 0001:0001cb00       unpack_filename            000000014001db00 f   mysys:mf_pack.obj
 0001:0001cbb0       fn_ext                     000000014001dbb0 f   mysys:mf_fn_ext.obj
 0001:0001cc20       my_readlink                000000014001dc20 f   mysys:my_symlink.obj
 0001:0001cc40       my_symlink                 000000014001dc40 f   mysys:my_symlink.obj
 0001:0001cc50       my_is_symlink              000000014001dc50 f   mysys:my_symlink.obj
 0001:0001cc80       my_realpath                000000014001dc80 f   mysys:my_symlink.obj
 0001:0001cd20       my_message_no_curses       000000014001dd20 f   mysys:my_messnc.obj
 0001:0001cdd0       init_glob_errs             000000014001ddd0 f   mysys:errors.obj
 0001:0001cde0       wait_for_free_space        000000014001dde0 f   mysys:errors.obj
 0001:0001ce70       my_write                   000000014001de70 f   mysys:my_write.obj
 0001:0001cfe0       strnmov                    000000014001dfe0 f   strings:strnmov.obj
 0001:0001d020       int2str                    000000014001e020 f   strings:int2str.obj
 0001:0001d120       int10_to_str               000000014001e120 f   strings:int2str.obj
 0001:0001d200       strmake                    000000014001e200 f   strings:strmake.obj
 0001:0001d240       strmov                     000000014001e240 f   strings:strmov.obj
 0001:0001d270       strxnmov                   000000014001e270 f   strings:strxnmov.obj
 0001:0001d2d0       strend                     000000014001e2d0 f   strings:strend.obj
 0001:0001d2f0       is_prefix                  000000014001e2f0 f   strings:is_prefix.obj
 0001:0001d620       my_hash_sort_latin1_de     000000014001e620 f   strings:ctype-latin1.obj
 0001:0001d6e0       my_vsnprintf               000000014001e6e0 f   strings:my_vsnprintf.obj
 0001:0001da40       my_snprintf                000000014001ea40 f   strings:my_vsnprintf.obj
 0001:0001da60       strcend                    000000014001ea60 f   strings:strcend.obj
 0001:0001da80       my_strnxfrmlen_simple      000000014001ea80 f   strings:ctype-simple.obj
 0001:0001daa0       my_strnxfrm_simple         000000014001eaa0 f   strings:ctype-simple.obj
 0001:0001db40       my_strnncoll_simple        000000014001eb40 f   strings:ctype-simple.obj
 0001:0001dbe0       my_strnncollsp_simple      000000014001ebe0 f   strings:ctype-simple.obj
 0001:0001dcc0       my_caseup_str_8bit         000000014001ecc0 f   strings:ctype-simple.obj
 0001:0001dd00       my_casedn_str_8bit         000000014001ed00 f   strings:ctype-simple.obj
 0001:0001dd40       my_caseup_8bit             000000014001ed40 f   strings:ctype-simple.obj
 0001:0001dd70       my_casedn_8bit             000000014001ed70 f   strings:ctype-simple.obj
 0001:0001dda0       my_strcasecmp_8bit         000000014001eda0 f   strings:ctype-simple.obj
 0001:0001de00       my_mb_wc_8bit              000000014001ee00 f   strings:ctype-simple.obj
 0001:0001de40       my_wc_mb_8bit              000000014001ee40 f   strings:ctype-simple.obj
 0001:0001dea0       my_snprintf_8bit           000000014001eea0 f   strings:ctype-simple.obj
 0001:0001ded0       my_hash_sort_simple        000000014001eed0 f   strings:ctype-simple.obj
 0001:0001df60       my_strntol_8bit            000000014001ef60 f   strings:ctype-simple.obj
 0001:0001e0e0       my_strntoul_8bit           000000014001f0e0 f   strings:ctype-simple.obj
 0001:0001e240       my_strntoll_8bit           000000014001f240 f   strings:ctype-simple.obj
 0001:0001e3d0       my_strntoull_8bit          000000014001f3d0 f   strings:ctype-simple.obj
 0001:0001e540       my_strntod_8bit            000000014001f540 f   strings:ctype-simple.obj
 0001:0001e570       my_long10_to_str_8bit      000000014001f570 f   strings:ctype-simple.obj
 0001:0001e680       my_longlong10_to_str_8bit  000000014001f680 f   strings:ctype-simple.obj
 0001:0001e7c0       my_wildcmp_8bit            000000014001f7c0 f   strings:ctype-simple.obj
 0001:0001e9e0       my_like_range_simple       000000014001f9e0 f   strings:ctype-simple.obj
 0001:0001eb40       my_scan_8bit               000000014001fb40 f   strings:ctype-simple.obj
 0001:0001eba0       my_fill_8bit               000000014001fba0 f   strings:ctype-simple.obj
 0001:0001ebb0       my_numchars_8bit           000000014001fbb0 f   strings:ctype-simple.obj
 0001:0001ebc0       my_numcells_8bit           000000014001fbc0 f   strings:ctype-simple.obj
 0001:0001ebd0       my_charpos_8bit            000000014001fbd0 f   strings:ctype-simple.obj
 0001:0001ebe0       my_well_formed_len_8bit    000000014001fbe0 f   strings:ctype-simple.obj
 0001:0001ec00       my_lengthsp_8bit           000000014001fc00 f   strings:ctype-simple.obj
 0001:0001ec30       my_instr_simple            000000014001fc30 f   strings:ctype-simple.obj
 0001:0001f030       my_strtoll10_8bit          0000000140020030 f   strings:ctype-simple.obj
 0001:0001f050       my_strntoull10rnd_8bit     0000000140020050 f   strings:ctype-simple.obj
 0001:0001f480       my_propagate_simple        0000000140020480 f   strings:ctype-simple.obj
 0001:0001f490       my_propagate_complex       0000000140020490 f   strings:ctype-simple.obj
 0001:0001f500       my_lengthsp_binary         0000000140020500 f   strings:ctype-bin.obj
 0001:0001f660       my_mbcharlen_8bit          0000000140020660 f   strings:ctype-bin.obj
 0001:0001f6b0       my_hash_sort_8bit_bin      00000001400206b0 f   strings:ctype-bin.obj
 0001:0001f710       my_hash_sort_bin           0000000140020710 f   strings:ctype-bin.obj
 0001:0001f770       my_wildcmp_bin             0000000140020770 f   strings:ctype-bin.obj
 0001:000201b0       my_parse_charset_xml       00000001400211b0 f   strings:ctype.obj
 0001:00020270       my_string_repertoire       0000000140021270 f   strings:ctype.obj
 0001:00020320       my_charset_repertoire      0000000140021320 f   strings:ctype.obj
 0001:00020330       my_charset_is_ascii_based  0000000140021330 f   strings:ctype.obj
 0001:00020370       my_charset_is_8bit_pure_ascii 0000000140021370 f   strings:ctype.obj
 0001:00021a30       strxmov                    0000000140022a30 f   strings:strxmov.obj
 0001:000223a0       str2int                    00000001400233a0 f   strings:str2int.obj
 0001:00022580       strtoll                    0000000140023580 f   strings:strtoll.obj
 0001:00022790       llstr                      0000000140023790 f   strings:llstr.obj
 0001:000227b0       ullstr                     00000001400237b0 f   strings:llstr.obj
 0001:000227d0       longlong2str               00000001400237d0 f   strings:longlong2str.obj
 0001:00022910       longlong10_to_str          0000000140023910 f   strings:longlong2str.obj
 0001:00022a30       my_wildcmp_unicode         0000000140023a30 f   strings:ctype-utf8.obj
 0001:000267e0       my_strntol_ucs2            00000001400277e0 f   strings:ctype-ucs2.obj
 0001:00026a10       my_strntoul_ucs2           0000000140027a10 f   strings:ctype-ucs2.obj
 0001:00026c10       my_strntoll_ucs2           0000000140027c10 f   strings:ctype-ucs2.obj
 0001:00026e90       my_strntoull_ucs2          0000000140027e90 f   strings:ctype-ucs2.obj
 0001:000270a0       my_strntod_ucs2            00000001400280a0 f   strings:ctype-ucs2.obj
 0001:000271a0       my_strntoull10rnd_ucs2     00000001400281a0 f   strings:ctype-ucs2.obj
 0001:000272b0       my_l10tostr_ucs2           00000001400282b0 f   strings:ctype-ucs2.obj
 0001:000273e0       my_ll10tostr_ucs2          00000001400283e0 f   strings:ctype-ucs2.obj
 0001:00027530       my_strtoll10_ucs2          0000000140028530 f   strings:ctype-ucs2.obj
 0001:00027ca0       my_like_range_ucs2         0000000140028ca0 f   strings:ctype-ucs2.obj
 0001:00028000       my_scan_ucs2               0000000140029000 f   strings:ctype-ucs2.obj
 0001:00028d50       my_strnncoll_gbk_internal  0000000140029d50 f   strings:ctype-gbk.obj
 0001:00028e90       my_strnncoll_gbk           0000000140029e90 f   strings:ctype-gbk.obj
 0001:0002db90       bchange                    000000014002eb90 f   strings:bchange.obj
 0001:0002dc00       bmove_upp                  000000014002ec00 f   strings:bmove_upp.obj
 0001:0002dc30       my_strtod                  000000014002ec30 f   strings:strtod.obj
 0001:0002dfb0       my_atof                    000000014002efb0 f   strings:strtod.obj
 0001:0002dfe0       my_strtoll10               000000014002efe0 f   strings:my_strtoll10.obj
 0001:0002e8c0       my_xml_parse               000000014002f8c0 f   strings:xml.obj
 0001:0002ec80       my_xml_parser_create       000000014002fc80 f   strings:xml.obj
 0001:0002ec90       my_xml_parser_free         000000014002fc90 f   strings:xml.obj
 0001:0002eca0       my_xml_set_value_handler   000000014002fca0 f   strings:xml.obj
 0001:0002ecb0       my_xml_set_enter_handler   000000014002fcb0 f   strings:xml.obj
 0001:0002ecc0       my_xml_set_leave_handler   000000014002fcc0 f   strings:xml.obj
 0001:0002ecd0       my_xml_set_user_data       000000014002fcd0 f   strings:xml.obj
 0001:0002ece0       my_xml_error_string        000000014002fce0 f   strings:xml.obj
 0001:0002ecf0       my_xml_error_pos           000000014002fcf0 f   strings:xml.obj
 0001:0002ed30       my_xml_error_lineno        000000014002fd30 f   strings:xml.obj
 0001:0002ed60       my_caseup_str_mb           000000014002fd60 f   strings:ctype-mb.obj
 0001:0002edf0       my_casedn_str_mb           000000014002fdf0 f   strings:ctype-mb.obj
 0001:0002ee80       my_caseup_mb               000000014002fe80 f   strings:ctype-mb.obj
 0001:0002ef00       my_casedn_mb               000000014002ff00 f   strings:ctype-mb.obj
 0001:0002ef80       my_strcasecmp_mb           000000014002ff80 f   strings:ctype-mb.obj
 0001:0002f050       my_wildcmp_mb              0000000140030050 f   strings:ctype-mb.obj
 0001:0002f470       my_numchars_mb             0000000140030470 f   strings:ctype-mb.obj
 0001:0002f4e0       my_charpos_mb              00000001400304e0 f   strings:ctype-mb.obj
 0001:0002f570       my_well_formed_len_mb      0000000140030570 f   strings:ctype-mb.obj
 0001:0002f600       my_instr_mb                0000000140030600 f   strings:ctype-mb.obj
 0001:0002f9b0       my_like_range_mb           00000001400309b0 f   strings:ctype-mb.obj
 0001:00030040       my_numcells_mb             0000000140031040 f   strings:ctype-mb.obj
 0001:00030110       vio_delete                 0000000140031110 f   vio:vio.obj
 0001:00030150       vio_end                    0000000140031150 f   vio:vio.obj
 0001:000304a0       vio_reset                  00000001400314a0 f   vio:vio.obj
 0001:00030500       vio_new                    0000000140031500 f   vio:vio.obj
 0001:000305a0       vio_new_win32pipe          00000001400315a0 f   vio:vio.obj
 0001:00030600       vio_new_win32shared_memory 0000000140031600 f   vio:vio.obj
 0001:000306f0       vio_errno                  00000001400316f0 f   vio:viosocket.obj
 0001:00030700       vio_read                   0000000140031700 f   vio:viosocket.obj
 0001:00030710       vio_read_buff              0000000140031710 f   vio:viosocket.obj
 0001:000307d0       vio_write                  00000001400317d0 f   vio:viosocket.obj
 0001:000307e0       vio_blocking               00000001400317e0 f   vio:viosocket.obj
 0001:00030860       vio_is_blocking            0000000140031860 f   vio:viosocket.obj
 0001:00030870       vio_fastsend               0000000140031870 f   vio:viosocket.obj
 0001:000308b0       vio_keepalive              00000001400318b0 f   vio:viosocket.obj
 0001:00030900       vio_should_retry           0000000140031900 f   vio:viosocket.obj
 0001:00030930       vio_was_interrupted        0000000140031930 f   vio:viosocket.obj
 0001:00030970       vio_close                  0000000140031970 f   vio:viosocket.obj
 0001:000309e0       vio_description            00000001400319e0 f   vio:viosocket.obj
 0001:000309f0       vio_type                   00000001400319f0 f   vio:viosocket.obj
 0001:00030a00       vio_fd                     0000000140031a00 f   vio:viosocket.obj
 0001:00030a10       vio_peer_addr              0000000140031a10 f   vio:viosocket.obj
 0001:00030ab0       vio_in_addr                0000000140031ab0 f   vio:viosocket.obj
 0001:00030ad0       vio_poll_read              0000000140031ad0 f   vio:viosocket.obj
 0001:00030ae0       vio_timeout                0000000140031ae0 f   vio:viosocket.obj
 0001:00030b20       vio_read_pipe              0000000140031b20 f   vio:viosocket.obj
 0001:00030b50       vio_write_pipe             0000000140031b50 f   vio:viosocket.obj
 0001:00030b80       vio_close_pipe             0000000140031b80 f   vio:viosocket.obj
 0001:00030bb0       vio_ignore_timeout         0000000140031bb0 f   vio:viosocket.obj
 0001:00030bc0       vio_read_shared_memory     0000000140031bc0 f   vio:viosocket.obj
 0001:00030ce0       vio_write_shared_memory    0000000140031ce0 f   vio:viosocket.obj
 0001:00030dd0       vio_close_shared_memory    0000000140031dd0 f   vio:viosocket.obj
 0001:00030ee0       vio_ssl_read               0000000140031ee0 f   vio:viossl.obj
 0001:00030ef0       vio_ssl_write              0000000140031ef0 f   vio:viossl.obj
 0001:00030f00       vio_ssl_close              0000000140031f00 f   vio:viossl.obj
 0001:00030f40       vio_ssl_delete             0000000140031f40 f   vio:viossl.obj
 0001:00031090       sslaccept                  0000000140032090 f   vio:viossl.obj
 0001:000310a0       sslconnect                 00000001400320a0 f   vio:viossl.obj
 0001:000310b0       vio_ssl_blocking           00000001400320b0 f   vio:viossl.obj
 0001:00031170       sslGetErrString            0000000140032170 f   vio:viosslfactories.obj
 0001:00031400       new_VioSSLConnectorFd      0000000140032400 f   vio:viosslfactories.obj
 0001:00031490       new_VioSSLAcceptorFd       0000000140032490 f   vio:viosslfactories.obj
 0001:00031530       ??2@YAPEAX_KPEAUDummy@@@Z  0000000140032530 f i yassl:ssl.obj
 0001:00031540       ??1Message@yaSSL@@UEAA@XZ  0000000140032540 f i yassl:ssl.obj
 0001:00031550       ??_GMessage@yaSSL@@UEAAPEAXI@Z 0000000140032550 f i yassl:ssl.obj
 0001:00031550       ??_EMessage@yaSSL@@UEAAPEAXI@Z 0000000140032550 f i yassl:ssl.obj
 0001:00031580       ??1Alert@yaSSL@@UEAA@XZ    0000000140032580 f i yassl:ssl.obj
 0001:00031590       ??1HandShakeBase@yaSSL@@UEAA@XZ 0000000140032590 f i yassl:ssl.obj
 0001:000315a0       ??_EHandShakeBase@yaSSL@@UEAAPEAXI@Z 00000001400325a0 f i yassl:ssl.obj
 0001:000315a0       ??_GHandShakeBase@yaSSL@@UEAAPEAXI@Z 00000001400325a0 f i yassl:ssl.obj
 0001:000315d0       ??0EncryptedInfo@yaSSL@@QEAA@XZ 00000001400325d0 f i yassl:ssl.obj
 0001:000315e0       ??0Error@TaoCrypt@@QEAA@W4ErrorNumber@1@@Z 00000001400325e0 f i yassl:ssl.obj
 0001:000315f0       ?assign@BIGNUM@yaSSL@@QEAAXPEBEI@Z 00000001400325f0 f i yassl:ssl.obj
 0001:00031600       ??1Finished@yaSSL@@UEAA@XZ 0000000140032600 f i yassl:ssl.obj
 0001:00031610       ??1HASH@TaoCrypt@@UEAA@XZ  0000000140032610 f i yassl:ssl.obj
 0001:00031620       ??_GHASH@TaoCrypt@@UEAAPEAXI@Z 0000000140032620 f i yassl:ssl.obj
 0001:00031620       ??_EHASH@TaoCrypt@@UEAAPEAXI@Z 0000000140032620 f i yassl:ssl.obj
 0001:00031650       ??1HASHwithTransform@TaoCrypt@@UEAA@XZ 0000000140032650 f i yassl:ssl.obj
 0001:00031660       ??0MD5@TaoCrypt@@QEAA@XZ   0000000140032660 f i yassl:ssl.obj
 0001:000316a0       ?getByteOrder@MD5@TaoCrypt@@UEBA?AW4ByteOrder@2@XZ 00000001400326a0 f i yassl:ssl.obj
 0001:000316b0       ?getBlockSize@MD5@TaoCrypt@@UEBAIXZ 00000001400326b0 f i yassl:ssl.obj
 0001:000316c0       ?getDigestSize@MD5@TaoCrypt@@UEBAIXZ 00000001400326c0 f i yassl:ssl.obj
 0001:000316d0       ?getPadSize@MD5@TaoCrypt@@UEBAIXZ 00000001400326d0 f i yassl:ssl.obj
 0001:000316e0       ??1MD5@TaoCrypt@@UEAA@XZ   00000001400326e0 f i yassl:ssl.obj
 0001:000316f0       ??0MD4@TaoCrypt@@QEAA@XZ   00000001400326f0 f i yassl:ssl.obj
 0001:00031730       ?getByteOrder@MD4@TaoCrypt@@UEBA?AW4ByteOrder@2@XZ 0000000140032730 f i yassl:ssl.obj
 0001:00031740       ?getBlockSize@MD4@TaoCrypt@@UEBAIXZ 0000000140032740 f i yassl:ssl.obj
 0001:00031750       ?getDigestSize@MD4@TaoCrypt@@UEBAIXZ 0000000140032750 f i yassl:ssl.obj
 0001:00031760       ?getPadSize@MD4@TaoCrypt@@UEBAIXZ 0000000140032760 f i yassl:ssl.obj
 0001:00031770       ??1MD4@TaoCrypt@@UEAA@XZ   0000000140032770 f i yassl:ssl.obj
 0001:00031780       yaSSLv3_server_method      0000000140032780 f   yassl:ssl.obj
 0001:000317d0       yaSSLv3_client_method      00000001400327d0 f   yassl:ssl.obj
 0001:00031820       yaTLSv1_server_method      0000000140032820 f   yassl:ssl.obj
 0001:00031870       yaTLSv1_client_method      0000000140032870 f   yassl:ssl.obj
 0001:000318c0       yaTLSv1_1_server_method    00000001400328c0 f   yassl:ssl.obj
 0001:00031910       yaTLSv1_1_client_method    0000000140032910 f   yassl:ssl.obj
 0001:00031960       yaSSLv23_server_method     0000000140032960 f   yassl:ssl.obj
 0001:000319b0       yaSSLv23_client_method     00000001400329b0 f   yassl:ssl.obj
 0001:00031a00       yaSSL_CTX_new              0000000140032a00 f   yassl:ssl.obj
 0001:00031a30       yaSSL_new                  0000000140032a30 f   yassl:ssl.obj
 0001:00031a60       yaSSL_set_fd               0000000140032a60 f   yassl:ssl.obj
 0001:00031a90       yaSSL_get_fd               0000000140032a90 f   yassl:ssl.obj
 0001:00031ab0       yaSSL_connect              0000000140032ab0 f   yassl:ssl.obj
 0001:00031de0       yaSSL_write                0000000140032de0 f   yassl:ssl.obj
 0001:00031df0       ??1Data@yaSSL@@UEAA@XZ     0000000140032df0 f i yassl:ssl.obj
 0001:00031e00       yaSSL_accept               0000000140032e00 f   yassl:ssl.obj
 0001:00032130       yaSSL_do_handshake         0000000140033130 f   yassl:ssl.obj
 0001:00032170       yaSSL_clear                0000000140033170 f   yassl:ssl.obj
 0001:00032190       yaSSL_shutdown             0000000140033190 f   yassl:ssl.obj
 0001:00032210       yaSSL_set_quiet_shutdown   0000000140033210 f   yassl:ssl.obj
 0001:00032220       yaSSL_get_quiet_shutdown   0000000140033220 f   yassl:ssl.obj
 0001:00032240       yaSSL_CTX_set_session_cache_mode 0000000140033240 f   yassl:ssl.obj
 0001:00032270       yaSSL_get_session          0000000140033270 f   yassl:ssl.obj
 0001:000322d0       yaSSL_set_session          00000001400332d0 f   yassl:ssl.obj
 0001:00032330       yaSSL_session_reused       0000000140033330 f   yassl:ssl.obj
 0001:00032350       yaSSL_SESSION_set_timeout  0000000140033350 f   yassl:ssl.obj
 0001:00032370       yaSSL_get_default_timeout  0000000140033370 f   yassl:ssl.obj
 0001:00032380       yaSSL_flush_sessions       0000000140033380 f   yassl:ssl.obj
 0001:000323a0       yaSSL_get_cipher           00000001400333a0 f   yassl:ssl.obj
 0001:000323c0       yaSSL_get_shared_ciphers   00000001400333c0 f   yassl:ssl.obj
 0001:000323e0       yaSSL_get_cipher_list      00000001400333e0 f   yassl:ssl.obj
 0001:00032450       yaSSL_CTX_set_cipher_list  0000000140033450 f   yassl:ssl.obj
 0001:00032470       yaSSL_get_version          0000000140033470 f   yassl:ssl.obj
 0001:000324a0       yaSSLeay_version           00000001400334a0 f   yassl:ssl.obj
 0001:000324b0       yaSSL_get_error            00000001400334b0 f   yassl:ssl.obj
 0001:000324d0       yaSSL_set_compression      00000001400334d0 f   yassl:ssl.obj
 0001:000324e0       yaSSL_get_peer_certificate 00000001400334e0 f   yassl:ssl.obj
 0001:00032500       yaX509_free                0000000140033500 f   yassl:ssl.obj
 0001:00032510       yaX509_STORE_CTX_get_current_cert 0000000140033510 f   yassl:ssl.obj
 0001:00032520       yaX509_STORE_CTX_get_error 0000000140033520 f   yassl:ssl.obj
 0001:00032530       yaX509_STORE_CTX_get_error_depth 0000000140033530 f   yassl:ssl.obj
 0001:00032540       yaX509_NAME_oneline        0000000140033540 f   yassl:ssl.obj
 0001:000325f0       yaX509_get_issuer_name     00000001400335f0 f   yassl:ssl.obj
 0001:00032600       yaX509_get_subject_name    0000000140033600 f   yassl:ssl.obj
 0001:00032610       yaSSL_load_error_strings   0000000140033610 f   yassl:ssl.obj
 0001:00032620       yaSSL_set_connect_state    0000000140033620 f   yassl:ssl.obj
 0001:00032630       yaSSL_set_accept_state     0000000140033630 f   yassl:ssl.obj
 0001:00032650       yaSSL_get_verify_result    0000000140033650 f   yassl:ssl.obj
 0001:00032660       yaSSL_CTX_sess_set_cache_size 0000000140033660 f   yassl:ssl.obj
 0001:00032670       yaSSL_CTX_get_session_cache_mode 0000000140033670 f   yassl:ssl.obj
 0001:00032680       yaSSL_CTX_set_tmp_dh       0000000140033680 f   yassl:ssl.obj
 0001:000326a0       yaSSL_CTX_set_verify       00000001400336a0 f   yassl:ssl.obj
 0001:00032700       yaSSL_CTX_set_default_verify_paths 0000000140033700 f   yassl:ssl.obj
 0001:00032710       yaSSL_CTX_set_session_id_context 0000000140033710 f   yassl:ssl.obj
 0001:00032720       yaSSL_CTX_check_private_key 0000000140033720 f   yassl:ssl.obj
 0001:00032730       yaSSL_CTX_sess_accept      0000000140033730 f   yassl:ssl.obj
 0001:00032740       yaSSL_CTX_sess_connect     0000000140033740 f   yassl:ssl.obj
 0001:00032760       yaSSL_CTX_sess_accept_good 0000000140033760 f   yassl:ssl.obj
 0001:00032780       yaSSL_CTX_sess_connect_good 0000000140033780 f   yassl:ssl.obj
 0001:000327a0       yaSSL_CTX_sess_accept_renegotiate 00000001400337a0 f   yassl:ssl.obj
 0001:000327c0       yaSSL_CTX_sess_connect_renegotiate 00000001400337c0 f   yassl:ssl.obj
 0001:000327e0       yaSSL_CTX_sess_hits        00000001400337e0 f   yassl:ssl.obj
 0001:00032800       yaSSL_CTX_sess_cb_hits     0000000140033800 f   yassl:ssl.obj
 0001:00032820       yaSSL_CTX_sess_cache_full  0000000140033820 f   yassl:ssl.obj
 0001:00032840       yaSSL_CTX_sess_misses      0000000140033840 f   yassl:ssl.obj
 0001:00032860       yaSSL_CTX_sess_timeouts    0000000140033860 f   yassl:ssl.obj
 0001:00032880       yaSSL_CTX_sess_number      0000000140033880 f   yassl:ssl.obj
 0001:000328a0       yaSSL_CTX_sess_get_cache_size 00000001400338a0 f   yassl:ssl.obj
 0001:000328c0       yaSSL_CTX_get_verify_mode  00000001400338c0 f   yassl:ssl.obj
 0001:000328e0       yaSSL_get_verify_mode      00000001400338e0 f   yassl:ssl.obj
 0001:00032910       yaSSL_CTX_get_verify_depth 0000000140033910 f   yassl:ssl.obj
 0001:00032930       yaSSL_get_verify_depth     0000000140033930 f   yassl:ssl.obj
 0001:00032960       yaSSL_CTX_set_options      0000000140033960 f   yassl:ssl.obj
 0001:00032970       yaSSL_CTX_set_info_callback 0000000140033970 f   yassl:ssl.obj
 0001:00032980       yaOpenSSL_add_all_algorithms 0000000140033980 f   yassl:ssl.obj
 0001:00032990       yaSSL_library_init         0000000140033990 f   yassl:ssl.obj
 0001:000329a0       yaDH_new                   00000001400339a0 f   yassl:ssl.obj
 0001:000329d0       ??0BIGNUM@yaSSL@@QEAA@XZ   00000001400339d0 f i yassl:ssl.obj
 0001:000329f0       yaERR_get_error_line_data  00000001400339f0 f   yassl:ssl.obj
 0001:00032a00       yaERR_print_errors_fp      0000000140033a00 f   yassl:ssl.obj
 0001:00032a10       yaERR_error_string         0000000140033a10 f   yassl:ssl.obj
 0001:00032a40       yaX509_verify_cert_error_string 0000000140033a40 f   yassl:ssl.obj
 0001:00032a50       yaEVP_md5                  0000000140033a50 f   yassl:ssl.obj
 0001:00032a60       yaEVP_des_ede3_cbc         0000000140033a60 f   yassl:ssl.obj
 0001:00032a70       yaEVP_BytesToKey           0000000140033a70 f   yassl:ssl.obj
 0001:00032d70       yaDES_set_key_unchecked    0000000140033d70 f   yassl:ssl.obj
 0001:00032d80       yaDES_ede3_cbc_encrypt     0000000140033d80 f   yassl:ssl.obj
 0001:00032e60       yaRAND_status              0000000140033e60 f   yassl:ssl.obj
 0001:00032e70       yaDES_set_key              0000000140033e70 f   yassl:ssl.obj
 0001:00032e80       yaDES_set_odd_parity       0000000140033e80 f   yassl:ssl.obj
 0001:00032e90       yaDES_ecb_encrypt          0000000140033e90 f   yassl:ssl.obj
 0001:00032f20       yaSSL_CTX_set_default_passwd_cb_userdata 0000000140033f20 f   yassl:ssl.obj
 0001:00032f30       yaSSL_get_certificate      0000000140033f30 f   yassl:ssl.obj
 0001:00032f40       yaSSL_get_privatekey       0000000140033f40 f   yassl:ssl.obj
 0001:00032f50       yaSSL_SESSION_free         0000000140033f50 f   yassl:ssl.obj
 0001:00032f60       yaX509_get_pubkey          0000000140033f60 f   yassl:ssl.obj
 0001:00032f70       yaEVP_PKEY_copy_parameters 0000000140033f70 f   yassl:ssl.obj
 0001:00032f80       yaEVP_PKEY_free            0000000140033f80 f   yassl:ssl.obj
 0001:00032f90       yaERR_error_string_n       0000000140033f90 f   yassl:ssl.obj
 0001:00032fb0       yaERR_free_strings         0000000140033fb0 f   yassl:ssl.obj
 0001:00032fc0       yaEVP_cleanup              0000000140033fc0 f   yassl:ssl.obj
 0001:00032fd0       yaX509_get_notBefore       0000000140033fd0 f   yassl:ssl.obj
 0001:00032fe0       yaX509_get_notAfter        0000000140033fe0 f   yassl:ssl.obj
 0001:00032ff0       yaSSLv2_client_method      0000000140033ff0 f   yassl:ssl.obj
 0001:00033000       yaSSL_get1_session         0000000140034000 f   yassl:ssl.obj
 0001:00033010       yaGENERAL_NAMES_free       0000000140034010 f   yassl:ssl.obj
 0001:00033020       yask_GENERAL_NAME_num      0000000140034020 f   yassl:ssl.obj
 0001:00033030       yask_GENERAL_NAME_value    0000000140034030 f   yassl:ssl.obj
 0001:00033040       yaASN1_STRING_data         0000000140034040 f   yassl:ssl.obj
 0001:00033050       yaASN1_STRING_length       0000000140034050 f   yassl:ssl.obj
 0001:00033060       yaASN1_STRING_type         0000000140034060 f   yassl:ssl.obj
 0001:00033070       yaX509_NAME_get_index_by_NID 0000000140034070 f   yassl:ssl.obj
 0001:000330e0       yaX509_NAME_ENTRY_get_data 00000001400340e0 f   yassl:ssl.obj
 0001:000330f0       yaX509_NAME_get_entry      00000001400340f0 f   yassl:ssl.obj
 0001:00033100       yaASN1_STRING_to_UTF8      0000000140034100 f   yassl:ssl.obj
 0001:00033170       yaX509_get_ext_d2i         0000000140034170 f   yassl:ssl.obj
 0001:00033180       yaMD4_Init                 0000000140034180 f   yassl:ssl.obj
 0001:000331c0       yaMD4_Update               00000001400341c0 f   yassl:ssl.obj
 0001:000331d0       yaMD4_Final                00000001400341d0 f   yassl:ssl.obj
 0001:000331e0       yaMD5_Init                 00000001400341e0 f   yassl:ssl.obj
 0001:00033220       yaMD5_Update               0000000140034220 f   yassl:ssl.obj
 0001:00033230       yaMD5_Final                0000000140034230 f   yassl:ssl.obj
 0001:00033240       yaRAND_bytes               0000000140034240 f   yassl:ssl.obj
 0001:000332b0       yaSSL_peek                 00000001400342b0 f   yassl:ssl.obj
 0001:000332f0       yaSSL_pending              00000001400342f0 f   yassl:ssl.obj
 0001:00033320       yaSSL_CTX_set_default_passwd_cb 0000000140034320 f   yassl:ssl.obj
 0001:00033330       yaSSLeay_add_ssl_algorithms 0000000140034330 f   yassl:ssl.obj
 0001:00033340       yaERR_remove_state         0000000140034340 f   yassl:ssl.obj
 0001:00033360       yaERR_GET_REASON           0000000140034360 f   yassl:ssl.obj
 0001:00033370       err_helper                 0000000140034370 f   yassl:ssl.obj
 0001:000333a0       yaERR_peek_error           00000001400343a0 f   yassl:ssl.obj
 0001:000333b0       yaERR_get_error            00000001400343b0 f   yassl:ssl.obj
 0001:000333c0       yaRAND_screen              00000001400343c0 f   yassl:ssl.obj
 0001:000333d0       yaRAND_file_name           00000001400343d0 f   yassl:ssl.obj
 0001:000333e0       yaRAND_write_file          00000001400343e0 f   yassl:ssl.obj
 0001:000333f0       yaRAND_load_file           00000001400343f0 f   yassl:ssl.obj
 0001:00033400       yaRSA_free                 0000000140034400 f   yassl:ssl.obj
 0001:00033410       yaRSA_generate_key         0000000140034410 f   yassl:ssl.obj
 0001:00033420       yaX509_LOOKUP_add_dir      0000000140034420 f   yassl:ssl.obj
 0001:00033430       yaX509_LOOKUP_load_file    0000000140034430 f   yassl:ssl.obj
 0001:00033440       yaX509_LOOKUP_hash_dir     0000000140034440 f   yassl:ssl.obj
 0001:00033450       yaX509_LOOKUP_file         0000000140034450 f   yassl:ssl.obj
 0001:00033460       yaX509_STORE_add_lookup    0000000140034460 f   yassl:ssl.obj
 0001:00033470       yaX509_STORE_get_by_subject 0000000140034470 f   yassl:ssl.obj
 0001:00033480       yaX509_STORE_new           0000000140034480 f   yassl:ssl.obj
 0001:00033490       yaSSL_alert_type_string_long 0000000140034490 f   yassl:ssl.obj
 0001:000334a0       yaSSL_alert_desc_string_long 00000001400344a0 f   yassl:ssl.obj
 0001:000334b0       yaSSL_state_string_long    00000001400344b0 f   yassl:ssl.obj
 0001:000334c0       yaSSL_CTX_set_tmp_rsa_callback 00000001400344c0 f   yassl:ssl.obj
 0001:000334d0       yaSSL_CTX_set_timeout      00000001400344d0 f   yassl:ssl.obj
 0001:000334e0       yaSSL_CTX_use_certificate_chain_file 00000001400344e0 f   yassl:ssl.obj
 0001:000334f0       yaSSL_CTX_use_RSAPrivateKey_file 00000001400344f0 f   yassl:ssl.obj
 0001:00033500       yaSSL_set_rfd              0000000140034500 f   yassl:ssl.obj
 0001:00033510       yaSSL_set_wfd              0000000140034510 f   yassl:ssl.obj
 0001:00033520       yaSSL_want_read            0000000140034520 f   yassl:ssl.obj
 0001:00033530       yaSSL_want_write           0000000140034530 f   yassl:ssl.obj
 0001:00033540       yaSSL_set_shutdown         0000000140034540 f   yassl:ssl.obj
 0001:00033550       yaSSL_get_current_cipher   0000000140034550 f   yassl:ssl.obj
 0001:00033560       yaSSL_CIPHER_description   0000000140034560 f   yassl:ssl.obj
 0001:00033570       ?size@?$Block@EV?$AllocatorWithCleanup@E@TaoCrypt@@@TaoCrypt@@QEBAIXZ 0000000140034570 f i yassl:ssl.obj
 0001:00033580       ?get_buffer@?$Block@EV?$AllocatorWithCleanup@E@TaoCrypt@@@TaoCrypt@@QEBAPEAEXZ 0000000140034580 f i yassl:ssl.obj
 0001:00033590       ??0?$auto_ptr@UBulkCipher@yaSSL@@@mySTL@@QEAA@PEAUBulkCipher@yaSSL@@@Z 0000000140034590 f i yassl:ssl.obj
 0001:000335a0       ??C?$auto_ptr@UBulkCipher@yaSSL@@@mySTL@@QEBAPEAUBulkCipher@yaSSL@@XZ 00000001400345a0 f i yassl:ssl.obj
 0001:000335b0       ??0?$auto_ptr@Vx509@yaSSL@@@mySTL@@QEAA@PEAVx509@yaSSL@@@Z 00000001400345b0 f i yassl:ssl.obj
 0001:000335c0       ??C?$auto_ptr@Vx509@yaSSL@@@mySTL@@QEBAPEAVx509@yaSSL@@XZ 00000001400345c0 f i yassl:ssl.obj
 0001:000335d0       ?release@?$auto_ptr@Vx509@yaSSL@@@mySTL@@QEAAPEAVx509@yaSSL@@XZ 00000001400345d0 f i yassl:ssl.obj
 0001:000335e0       ??0?$auto_ptr@UBIGNUM@yaSSL@@@mySTL@@QEAA@PEAUBIGNUM@yaSSL@@@Z 00000001400345e0 f i yassl:ssl.obj
 0001:000335f0       ?get@?$auto_ptr@UBIGNUM@yaSSL@@@mySTL@@QEBAPEAUBIGNUM@yaSSL@@XZ 00000001400345f0 f i yassl:ssl.obj
 0001:00033600       ?release@?$auto_ptr@UBIGNUM@yaSSL@@@mySTL@@QEAAPEAUBIGNUM@yaSSL@@XZ 0000000140034600 f i yassl:ssl.obj
 0001:00033610       ?max_size@?$AllocatorBase@E@TaoCrypt@@QEBA_KXZ 0000000140034610 f i yassl:ssl.obj
 0001:00033620       ??$min@I@TaoCrypt@@YAAEBIAEBI0@Z 0000000140034620 f i yassl:ssl.obj
[...]
 0003:00138f40       mysql_server_last_error    000000014024ef40     <common>
 0003:001391b0       mysql_server_last_errno    000000014024f1b0     <common>
 0003:001391b4       thr_client_alarm           000000014024f1b4     <common>
 0003:001391c0       errbuff                    000000014024f1c0     <common>
 0003:00139430       my_signals                 000000014024f430     <common>
 0003:00139440       all_charsets               000000014024f440     <common>
 0003:00139e00       THR_LOCK_threads           000000014024fe00     <common>
 0003:00139ea0       LOCK_gethostbyname_r       000000014024fea0     <common>
 0003:00139ee0       THR_LOCK_myisam_mmap       000000014024fee0     <common>
 0003:00139f20       THR_COND_threads           000000014024ff20     <common>
 0003:00139f80       THR_LOCK_malloc            000000014024ff80     <common>
 0003:00139fc0       THR_LOCK_isam              000000014024ffc0     <common>
 0003:0013a000       THR_LOCK_myisam            0000000140250000     <common>
 0003:0013a040       THR_LOCK_heap              0000000140250040     <common>
 0003:0013a080       THR_LOCK_open              0000000140250080     <common>
 0003:0013a0c0       THR_LOCK_charset           00000001402500c0     <common>
 0003:0013a100       THR_LOCK_lock              0000000140250100     <common>
 0003:0013a140       LOCK_localtime_r           0000000140250140     <common>
 0003:0013a180       THR_LOCK_net               0000000140250180     <common>
 0003:0013a1a8       _debugger_hook_dummy       00000001402501a8     <common>
 0003:0013a1b4       __setlc_active             00000001402501b4     <common>
 0003:0013a1c4       __unguarded_readlc_active  00000001402501c4     <common>
 0003:0013a1c8       _nhandle                   00000001402501c8     <common>
 0003:0013a240       __pioinfo                  0000000140250240     <common>
 0003:0013a440       _pDestructExceptionObject  0000000140250440     <common>
 0003:0013a458       _acmdln                    0000000140250458     <common>
 0003:0013a46c       __env_initialized          000000014025046c     <common>
 0003:0013a480       __onexitend                0000000140250480     <common>
 0003:0013a488       __onexitbegin              0000000140250488     <common>
 0003:0013a490       __mbctype_initialized      0000000140250490     <common>
 0003:0013a498       __dyn_tls_init_callback    0000000140250498     <common>
 0003:0013a4a0       __piob                     00000001402504a0     <common>
 0003:0013a800       _bufin                     0000000140250800     <common>
 0003:0013b800       _nstream                   0000000140251800     <common>
 0005:00000000       __IMPORT_DESCRIPTOR_KERNEL32 000000014025f000     kernel32:KERNEL32.dll
 0005:00000014       __IMPORT_DESCRIPTOR_ADVAPI32 000000014025f014     advapi32:ADVAPI32.dll
 0005:00000028       __IMPORT_DESCRIPTOR_WSOCK32 000000014025f028     wsock32:WSOCK32.dll
 0005:0000003c       __IMPORT_DESCRIPTOR_USER32 000000014025f03c     user32:USER32.dll
 0005:00000050       __NULL_IMPORT_DESCRIPTOR   000000014025f050     kernel32:KERNEL32.dll
 0005:00000848       __imp_CryptGenRandom       000000014025f848     advapi32:ADVAPI32.dll
 0005:00000850       __imp_RegEnumValueA        000000014025f850     advapi32:ADVAPI32.dll
 0005:00000858       __imp_RegOpenKeyExA        000000014025f858     advapi32:ADVAPI32.dll
 0005:00000860       __imp_CryptAcquireContextA 000000014025f860     advapi32:ADVAPI32.dll
 0005:00000868       __imp_CryptReleaseContext  000000014025f868     advapi32:ADVAPI32.dll
 0005:00000870       __imp_StartServiceCtrlDispatcherA 000000014025f870     advapi32:ADVAPI32.dll
 0005:00000878       __imp_RegisterServiceCtrlHandlerA 000000014025f878     advapi32:ADVAPI32.dll
 0005:00000880       __imp_DeleteService        000000014025f880     advapi32:ADVAPI32.dll
 0005:00000888       __imp_CreateServiceA       000000014025f888     advapi32:ADVAPI32.dll
 0005:00000890       __imp_SetServiceStatus     000000014025f890     advapi32:ADVAPI32.dll
 0005:00000898       __imp_OpenSCManagerA       000000014025f898     advapi32:ADVAPI32.dll
 0005:000008a0       __imp_OpenServiceA         000000014025f8a0     advapi32:ADVAPI32.dll
 0005:000008a8       __imp_CloseServiceHandle   000000014025f8a8     advapi32:ADVAPI32.dll
 0005:000008b0       __imp_RegCloseKey          000000014025f8b0     advapi32:ADVAPI32.dll
 0005:000008b8       \177ADVAPI32_NULL_THUNK_DATA 000000014025f8b8     advapi32:ADVAPI32.dll
 0005:00000920       __imp_GetModuleHandleA     000000014025f920     kernel32:KERNEL32.dll
 0005:00000928       __imp_TerminateProcess     000000014025f928     kernel32:KERNEL32.dll
 0005:00000930       __imp_OpenProcess          000000014025f930     kernel32:KERNEL32.dll
 0005:00000938       __imp_Sleep                000000014025f938     kernel32:KERNEL32.dll
 0005:00000940       __imp_GetCurrentThreadId   000000014025f940     kernel32:KERNEL32.dll
 0005:00000948       __imp_GetCurrentProcess    000000014025f948     kernel32:KERNEL32.dll
 0005:00000950       __imp_SetNamedPipeHandleState 000000014025f950     kernel32:KERNEL32.dll
 0005:00000958       __imp_WaitNamedPipeA       000000014025f958     kernel32:KERNEL32.dll
 0005:00000960       __imp_CreateFileA          000000014025f960     kernel32:KERNEL32.dll
 0005:00000968       __imp_DuplicateHandle      000000014025f968     kernel32:KERNEL32.dll
 0005:00000970       __imp_GetProcAddress       000000014025f970     kernel32:KERNEL32.dll
 0005:00000978       __imp_CreateRemoteThread   000000014025f978     kernel32:KERNEL32.dll
 0005:00000980       __imp_GetLastError         000000014025f980     kernel32:KERNEL32.dll
 0005:00000988       __imp_SetLastError         000000014025f988     kernel32:KERNEL32.dll
 0005:00000990       __imp_CreateProcessA       000000014025f990     kernel32:KERNEL32.dll
 0005:00000998       __imp_WaitForSingleObject  000000014025f998     kernel32:KERNEL32.dll
 0005:000009a0       __imp_GetExitCodeProcess   000000014025f9a0     kernel32:KERNEL32.dll
 0005:000009a8       __imp_CloseHandle          000000014025f9a8     kernel32:KERNEL32.dll
 0005:000009b0       __imp_GetSystemTimeAsFileTime 000000014025f9b0     kernel32:KERNEL32.dll
 0005:000009b8       __imp_EnterCriticalSection 000000014025f9b8     kernel32:KERNEL32.dll
 0005:000009c0       __imp_SetEnvironmentVariableW 000000014025f9c0     kernel32:KERNEL32.dll
 0005:000009c8       __imp_LeaveCriticalSection 000000014025f9c8     kernel32:KERNEL32.dll
 0005:000009d0       __imp_DeleteCriticalSection 000000014025f9d0     kernel32:KERNEL32.dll
 0005:000009d8       __imp_GetModuleFileNameA   000000014025f9d8     kernel32:KERNEL32.dll
 0005:000009e0       __imp_WriteConsoleW        000000014025f9e0     kernel32:KERNEL32.dll
 0005:000009e8       __imp_GetConsoleOutputCP   000000014025f9e8     kernel32:KERNEL32.dll
 0005:000009f0       __imp_WriteConsoleA        000000014025f9f0     kernel32:KERNEL32.dll
 0005:000009f8       __imp_IsValidLocale        000000014025f9f8     kernel32:KERNEL32.dll
 0005:00000a00       __imp_EnumSystemLocalesA   000000014025fa00     kernel32:KERNEL32.dll
 0005:00000a08       __imp_GetUserDefaultLCID   000000014025fa08     kernel32:KERNEL32.dll
 0005:00000a10       __imp_GetTimeFormatA       000000014025fa10     kernel32:KERNEL32.dll
 0005:00000a18       __imp_GetDateFormatA       000000014025fa18     kernel32:KERNEL32.dll
 0005:00000a20       __imp_GetStringTypeW       000000014025fa20     kernel32:KERNEL32.dll
 0005:00000a28       __imp_GetStringTypeA       000000014025fa28     kernel32:KERNEL32.dll
 0005:00000a30       __imp_SetEnvironmentVariableA 000000014025fa30     kernel32:KERNEL32.dll
 0005:00000a38       __imp_CompareStringW       000000014025fa38     kernel32:KERNEL32.dll
 0005:00000a40       __imp_CompareStringA       000000014025fa40     kernel32:KERNEL32.dll
 0005:00000a48       __imp_LCMapStringW         000000014025fa48     kernel32:KERNEL32.dll
 0005:00000a50       __imp_LCMapStringA         000000014025fa50     kernel32:KERNEL32.dll
 0005:00000a58       __imp_GetLocaleInfoW       000000014025fa58     kernel32:KERNEL32.dll
 0005:00000a60       __imp_MultiByteToWideChar  000000014025fa60     kernel32:KERNEL32.dll
 0005:00000a68       __imp_FlushFileBuffers     000000014025fa68     kernel32:KERNEL32.dll
 0005:00000a70       __imp_GetConsoleCP         000000014025fa70     kernel32:KERNEL32.dll
 0005:00000a78       __imp_HeapSize             000000014025fa78     kernel32:KERNEL32.dll
 0005:00000a80       __imp_CreateEventA         000000014025fa80     kernel32:KERNEL32.dll
 0005:00000a88       __imp_SetEvent             000000014025fa88     kernel32:KERNEL32.dll
 0005:00000a90       __imp_ResetEvent           000000014025fa90     kernel32:KERNEL32.dll
 0005:00000a98       __imp_WaitForMultipleObjects 000000014025fa98     kernel32:KERNEL32.dll
 0005:00000aa0       __imp_TryEnterCriticalSection 000000014025faa0     kernel32:KERNEL32.dll
 0005:00000aa8       __imp_SetThreadPriority    000000014025faa8     kernel32:KERNEL32.dll
 0005:00000ab0       __imp_GetLocaleInfoA       000000014025fab0     kernel32:KERNEL32.dll
 0005:00000ab8       __imp_GetSystemDirectoryA  000000014025fab8     kernel32:KERNEL32.dll
 0005:00000ac0       __imp_GetWindowsDirectoryA 000000014025fac0     kernel32:KERNEL32.dll
 0005:00000ac8       __imp_DeleteFileA          000000014025fac8     kernel32:KERNEL32.dll
 0005:00000ad0       __imp_MoveFileA            000000014025fad0     kernel32:KERNEL32.dll
 0005:00000ad8       __imp_GetTickCount         000000014025fad8     kernel32:KERNEL32.dll
 0005:00000ae0       __imp_GetFileAttributesExA 000000014025fae0     kernel32:KERNEL32.dll
 0005:00000ae8       __imp_SetEndOfFile         000000014025fae8     kernel32:KERNEL32.dll
 0005:00000af0       __imp_SetFilePointer       000000014025faf0     kernel32:KERNEL32.dll
 0005:00000af8       __imp_GetFileAttributesA   000000014025faf8     kernel32:KERNEL32.dll
 0005:00000b00       __imp_GetFullPathNameA     000000014025fb00     kernel32:KERNEL32.dll
 0005:00000b08       __imp_ReadFile             000000014025fb08     kernel32:KERNEL32.dll
 0005:00000b10       __imp_WriteFile            000000014025fb10     kernel32:KERNEL32.dll
 0005:00000b18       __imp_UnmapViewOfFile      000000014025fb18     kernel32:KERNEL32.dll
 0005:00000b20       __imp_FindClose            000000014025fb20     kernel32:KERNEL32.dll
 0005:00000b28       __imp_FindNextFileA        000000014025fb28     kernel32:KERNEL32.dll
 0005:00000b30       __imp_FindFirstFileA       000000014025fb30     kernel32:KERNEL32.dll
 0005:00000b38       __imp_QueryPerformanceCounter 000000014025fb38     kernel32:KERNEL32.dll
 0005:00000b40       __imp_QueryPerformanceFrequency 000000014025fb40     kernel32:KERNEL32.dll
 0005:00000b48       __imp_FileTimeToSystemTime 000000014025fb48     kernel32:KERNEL32.dll
 0005:00000b50       __imp_FileTimeToLocalFileTime 000000014025fb50     kernel32:KERNEL32.dll
 0005:00000b58       __imp_GetDriveTypeA        000000014025fb58     kernel32:KERNEL32.dll
 0005:00000b60       __imp_ExitProcess          000000014025fb60     kernel32:KERNEL32.dll
 0005:00000b68       __imp_SetConsoleCtrlHandler 000000014025fb68     kernel32:KERNEL32.dll
 0005:00000b70       __imp_ReadConsoleInputA    000000014025fb70     kernel32:KERNEL32.dll
 0005:00000b78       __imp_SetConsoleMode       000000014025fb78     kernel32:KERNEL32.dll
 0005:00000b80       __imp_GetConsoleMode       000000014025fb80     kernel32:KERNEL32.dll
 0005:00000b88       __imp_PeekConsoleInputA    000000014025fb88     kernel32:KERNEL32.dll
 0005:00000b90       __imp_GetNumberOfConsoleInputEvents 000000014025fb90     kernel32:KERNEL32.dll
 0005:00000b98       __imp_GetCommandLineA      000000014025fb98     kernel32:KERNEL32.dll
 0005:00000ba0       __imp_HeapFree             000000014025fba0     kernel32:KERNEL32.dll
 0005:00000ba8       __imp_GetVersionExA        000000014025fba8     kernel32:KERNEL32.dll
 0005:00000bb0       __imp_HeapAlloc            000000014025fbb0     kernel32:KERNEL32.dll
 0005:00000bb8       __imp_GetProcessHeap       000000014025fbb8     kernel32:KERNEL32.dll
 0005:00000bc0       __imp_HeapReAlloc          000000014025fbc0     kernel32:KERNEL32.dll
 0005:00000bc8       __imp_GetFileInformationByHandle 000000014025fbc8     kernel32:KERNEL32.dll
 0005:00000bd0       __imp_PeekNamedPipe        000000014025fbd0     kernel32:KERNEL32.dll
 0005:00000bd8       __imp_GetFileType          000000014025fbd8     kernel32:KERNEL32.dll
 0005:00000be0       __imp_SetStdHandle         000000014025fbe0     kernel32:KERNEL32.dll
 0005:00000be8       __imp_ExitThread           000000014025fbe8     kernel32:KERNEL32.dll
 0005:00000bf0       __imp_ResumeThread         000000014025fbf0     kernel32:KERNEL32.dll
 0005:00000bf8       __imp_CreateThread         000000014025fbf8     kernel32:KERNEL32.dll
 0005:00000c00       __imp_WideCharToMultiByte  000000014025fc00     kernel32:KERNEL32.dll
 0005:00000c08       __imp_GetTimeZoneInformation 000000014025fc08     kernel32:KERNEL32.dll
 0005:00000c10       __imp_UnhandledExceptionFilter 000000014025fc10     kernel32:KERNEL32.dll
 0005:00000c18       __imp_SetUnhandledExceptionFilter 000000014025fc18     kernel32:KERNEL32.dll
 0005:00000c20       __imp_IsDebuggerPresent    000000014025fc20     kernel32:KERNEL32.dll
 0005:00000c28       __imp_RtlCaptureContext    000000014025fc28     kernel32:KERNEL32.dll
 0005:00000c30       __imp_GetStdHandle         000000014025fc30     kernel32:KERNEL32.dll
 0005:00000c38       __imp_FlsGetValue          000000014025fc38     kernel32:KERNEL32.dll
 0005:00000c40       __imp_TlsAlloc             000000014025fc40     kernel32:KERNEL32.dll
 0005:00000c48       __imp_FlsSetValue          000000014025fc48     kernel32:KERNEL32.dll
 0005:00000c50       __imp_TlsFree              000000014025fc50     kernel32:KERNEL32.dll
 0005:00000c58       __imp_FlsFree              000000014025fc58     kernel32:KERNEL32.dll
 0005:00000c60       __imp_TlsSetValue          000000014025fc60     kernel32:KERNEL32.dll
 0005:00000c68       __imp_GetCurrentThread     000000014025fc68     kernel32:KERNEL32.dll
 0005:00000c70       __imp_FlsAlloc             000000014025fc70     kernel32:KERNEL32.dll
 0005:00000c78       __imp_GetCurrentDirectoryA 000000014025fc78     kernel32:KERNEL32.dll
 0005:00000c80       __imp_SetCurrentDirectoryA 000000014025fc80     kernel32:KERNEL32.dll
 0005:00000c88       __imp_RtlVirtualUnwind     000000014025fc88     kernel32:KERNEL32.dll
 0005:00000c90       __imp_RtlLookupFunctionEntry 000000014025fc90     kernel32:KERNEL32.dll
 0005:00000c98       __imp_RaiseException       000000014025fc98     kernel32:KERNEL32.dll
 0005:00000ca0       __imp_RtlPcToFileHeader    000000014025fca0     kernel32:KERNEL32.dll
 0005:00000ca8       __imp_RtlUnwindEx          000000014025fca8     kernel32:KERNEL32.dll
 0005:00000cb0       __imp_SetHandleCount       000000014025fcb0     kernel32:KERNEL32.dll
 0005:00000cb8       __imp_GetStartupInfoA      000000014025fcb8     kernel32:KERNEL32.dll
 0005:00000cc0       __imp_FatalAppExitA        000000014025fcc0     kernel32:KERNEL32.dll
 0005:00000cc8       __imp_FreeLibrary          000000014025fcc8     kernel32:KERNEL32.dll
 0005:00000cd0       __imp_LoadLibraryA         000000014025fcd0     kernel32:KERNEL32.dll
 0005:00000cd8       __imp_CreatePipe           000000014025fcd8     kernel32:KERNEL32.dll
 0005:00000ce0       __imp_GetCPInfo            000000014025fce0     kernel32:KERNEL32.dll
 0005:00000ce8       __imp_GetACP               000000014025fce8     kernel32:KERNEL32.dll
 0005:00000cf0       __imp_GetOEMCP             000000014025fcf0     kernel32:KERNEL32.dll
 0005:00000cf8       __imp_IsValidCodePage      000000014025fcf8     kernel32:KERNEL32.dll
 0005:00000d00       __imp_FreeEnvironmentStringsA 000000014025fd00     kernel32:KERNEL32.dll
 0005:00000d08       __imp_GetEnvironmentStrings 000000014025fd08     kernel32:KERNEL32.dll
 0005:00000d10       __imp_FreeEnvironmentStringsW 000000014025fd10     kernel32:KERNEL32.dll
 0005:00000d18       __imp_GetEnvironmentStringsW 000000014025fd18     kernel32:KERNEL32.dll
 0005:00000d20       __imp_HeapSetInformation   000000014025fd20     kernel32:KERNEL32.dll
 0005:00000d28       __imp_HeapCreate           000000014025fd28     kernel32:KERNEL32.dll
 0005:00000d30       __imp_HeapDestroy          000000014025fd30     kernel32:KERNEL32.dll
 0005:00000d38       __imp_GetCurrentProcessId  000000014025fd38     kernel32:KERNEL32.dll
 0005:00000d40       __imp_InitializeCriticalSection 000000014025fd40     kernel32:KERNEL32.dll
 0005:00000d48       \177KERNEL32_NULL_THUNK_DATA 000000014025fd48     kernel32:KERNEL32.dll
 0005:00000e70       __imp_PeekMessageA         000000014025fe70     user32:USER32.dll
 0005:00000e78       __imp_KillTimer            000000014025fe78     user32:USER32.dll
 0005:00000e80       __imp_SetTimer             000000014025fe80     user32:USER32.dll
 0005:00000e88       \177USER32_NULL_THUNK_DATA 000000014025fe88     user32:USER32.dll
 0005:00000ee0       __imp_recv                 000000014025fee0     wsock32:WSOCK32.dll
 0005:00000ee8       __imp_gethostbyname        000000014025fee8     wsock32:WSOCK32.dll
 0005:00000ef0       __imp_inet_ntoa            000000014025fef0     wsock32:WSOCK32.dll
 0005:00000ef8       __imp_WSAStartup           000000014025fef8     wsock32:WSOCK32.dll
 0005:00000f00       __imp_WSACleanup           000000014025ff00     wsock32:WSOCK32.dll
 0005:00000f08       __imp_WSAGetLastError      000000014025ff08     wsock32:WSOCK32.dll
 0005:00000f10       __imp_connect              000000014025ff10     wsock32:WSOCK32.dll
 0005:00000f18       __imp_send                 000000014025ff18     wsock32:WSOCK32.dll
 0005:00000f20       __imp___WSAFDIsSet         000000014025ff20     wsock32:WSOCK32.dll
 0005:00000f28       __imp_accept               000000014025ff28     wsock32:WSOCK32.dll
 0005:00000f30       __imp_shutdown             000000014025ff30     wsock32:WSOCK32.dll
 0005:00000f38       __imp_socket               000000014025ff38     wsock32:WSOCK32.dll
 0005:00000f40       __imp_inet_addr            000000014025ff40     wsock32:WSOCK32.dll
 0005:00000f48       __imp_htonl                000000014025ff48     wsock32:WSOCK32.dll
 0005:00000f50       __imp_htons                000000014025ff50     wsock32:WSOCK32.dll
 0005:00000f58       __imp_ntohs                000000014025ff58     wsock32:WSOCK32.dll
 0005:00000f60       __imp_getpeername          000000014025ff60     wsock32:WSOCK32.dll
 0005:00000f68       __imp_WSASetLastError      000000014025ff68     wsock32:WSOCK32.dll
 0005:00000f70       __imp_select               000000014025ff70     wsock32:WSOCK32.dll
 0005:00000f78       __imp_setsockopt           000000014025ff78     wsock32:WSOCK32.dll
 0005:00000f80       __imp_bind                 000000014025ff80     wsock32:WSOCK32.dll
 0005:00000f88       __imp_listen               000000014025ff88     wsock32:WSOCK32.dll
 0005:00000f90       __imp_closesocket          000000014025ff90     wsock32:WSOCK32.dll
 0005:00000f98       __imp_ioctlsocket          000000014025ff98     wsock32:WSOCK32.dll
 0005:00000fa0       __imp_gethostname          000000014025ffa0     wsock32:WSOCK32.dll
 0005:00000fa8       \177WSOCK32_NULL_THUNK_DATA 000000014025ffa8     wsock32:WSOCK32.dll
 0006:00000000       _tls_start                 0000000140261000     LIBCMT:tlssup.obj
 0006:00000110       THR_KEY_mysys              0000000140261110     mysys:my_thr_init.obj
 0006:000002f6       _tls_end                   00000001402612f6     LIBCMT:tlssup.obj

 entry point at        0001:0005b840

